[    0.000000] microcode: microcode updated early to revision 0x27, date = 2019-02-26
[    0.000000] Linux version 4.19.0-6-amd64 (debian-kernel@lists.debian.org) (gcc version 8.3.0 (Debian 8.3.0-6)) #1 SMP Uos 4.19.67-11eagle (2020-03-21)
[    0.000000] Command line: BOOT_IMAGE=/vmlinuz-4.19.0-6-amd64 root=UUID=b67990e7-486f-4259-8d8e-33bcdb1be08e ro splash quiet DEEPIN_GFXMODE=2,1920x1080,1024x768,1280x1024
[    0.000000] x86/fpu: Supporting XSAVE feature 0x001: 'x87 floating point registers'
[    0.000000] x86/fpu: Supporting XSAVE feature 0x002: 'SSE registers'
[    0.000000] x86/fpu: Supporting XSAVE feature 0x004: 'AVX registers'
[    0.000000] x86/fpu: xstate_offset[2]:  576, xstate_sizes[2]:  256
[    0.000000] x86/fpu: Enabled xstate features 0x7, context size is 832 bytes, using 'standard' format.
[    0.000000] BIOS-provided physical RAM map:
[    0.000000] BIOS-e820: [mem 0x0000000000000000-0x000000000009d7ff] usable
[    0.000000] BIOS-e820: [mem 0x000000000009d800-0x000000000009ffff] reserved
[    0.000000] BIOS-e820: [mem 0x00000000000e0000-0x00000000000fffff] reserved
[    0.000000] BIOS-e820: [mem 0x0000000000100000-0x00000000ca192fff] usable
[    0.000000] BIOS-e820: [mem 0x00000000ca193000-0x00000000ca199fff] ACPI NVS
[    0.000000] BIOS-e820: [mem 0x00000000ca19a000-0x00000000ca5d7fff] usable
[    0.000000] BIOS-e820: [mem 0x00000000ca5d8000-0x00000000caa86fff] reserved
[    0.000000] BIOS-e820: [mem 0x00000000caa87000-0x00000000da8f1fff] usable
[    0.000000] BIOS-e820: [mem 0x00000000da8f2000-0x00000000da97dfff] reserved
[    0.000000] BIOS-e820: [mem 0x00000000da97e000-0x00000000da9e1fff] ACPI data
[    0.000000] BIOS-e820: [mem 0x00000000da9e2000-0x00000000db6e5fff] ACPI NVS
[    0.000000] BIOS-e820: [mem 0x00000000db6e6000-0x00000000dbffefff] reserved
[    0.000000] BIOS-e820: [mem 0x00000000dbfff000-0x00000000dbffffff] usable
[    0.000000] BIOS-e820: [mem 0x00000000dd000000-0x00000000df1fffff] reserved
[    0.000000] BIOS-e820: [mem 0x00000000f8000000-0x00000000fbffffff] reserved
[    0.000000] BIOS-e820: [mem 0x00000000fec00000-0x00000000fec00fff] reserved
[    0.000000] BIOS-e820: [mem 0x00000000fed00000-0x00000000fed03fff] reserved
[    0.000000] BIOS-e820: [mem 0x00000000fed1c000-0x00000000fed1ffff] reserved
[    0.000000] BIOS-e820: [mem 0x00000000fee00000-0x00000000fee00fff] reserved
[    0.000000] BIOS-e820: [mem 0x00000000ff000000-0x00000000ffffffff] reserved
[    0.000000] BIOS-e820: [mem 0x0000000100000000-0x000000021edfffff] usable
[    0.000000] NX (Execute Disable) protection: active
[    0.000000] SMBIOS 2.8 present.
[    0.000000] DMI: LENOVO ThinkCentre M8500t-N000/SHARKBAY, BIOS FBKTB2AUS 06/03/2015
[    0.000000] tsc: Fast TSC calibration using PIT
[    0.000000] tsc: Detected 3591.783 MHz processor
[    0.001366] e820: update [mem 0x00000000-0x00000fff] usable ==> reserved
[    0.001367] e820: remove [mem 0x000a0000-0x000fffff] usable
[    0.001372] last_pfn = 0x21ee00 max_arch_pfn = 0x400000000
[    0.001375] MTRR default type: uncachable
[    0.001375] MTRR fixed ranges enabled:
[    0.001376]   00000-9FFFF write-back
[    0.001376]   A0000-BFFFF uncachable
[    0.001377]   C0000-D3FFF write-protect
[    0.001377]   D4000-E7FFF uncachable
[    0.001378]   E8000-FFFFF write-protect
[    0.001378] MTRR variable ranges enabled:
[    0.001379]   0 base 0000000000 mask 7E00000000 write-back
[    0.001380]   1 base 0200000000 mask 7FE0000000 write-back
[    0.001380]   2 base 00E0000000 mask 7FE0000000 uncachable
[    0.001380]   3 base 00DE000000 mask 7FFE000000 uncachable
[    0.001381]   4 base 00DD000000 mask 7FFF000000 uncachable
[    0.001381]   5 base 021F000000 mask 7FFF000000 uncachable
[    0.001382]   6 base 021EE00000 mask 7FFFE00000 uncachable
[    0.001382]   7 disabled
[    0.001382]   8 disabled
[    0.001383]   9 disabled
[    0.002099] x86/PAT: Configuration [0-7]: WB  WC  UC- UC  WB  WP  UC- WT  
[    0.002197] e820: update [mem 0xdd000000-0xffffffff] usable ==> reserved
[    0.002201] last_pfn = 0xdc000 max_arch_pfn = 0x400000000
[    0.007308] found SMP MP-table at [mem 0x000fcd30-0x000fcd3f]
[    0.015065] Using GB pages for direct mapping
[    0.015066] BRK [0x63a01000, 0x63a01fff] PGTABLE
[    0.015067] BRK [0x63a02000, 0x63a02fff] PGTABLE
[    0.015068] BRK [0x63a03000, 0x63a03fff] PGTABLE
[    0.015092] BRK [0x63a04000, 0x63a04fff] PGTABLE
[    0.015094] BRK [0x63a05000, 0x63a05fff] PGTABLE
[    0.015336] BRK [0x63a06000, 0x63a06fff] PGTABLE
[    0.015368] BRK [0x63a07000, 0x63a07fff] PGTABLE
[    0.015425] BRK [0x63a08000, 0x63a08fff] PGTABLE
[    0.015463] BRK [0x63a09000, 0x63a09fff] PGTABLE
[    0.015505] RAMDISK: [mem 0x3087b000-0x34434fff]
[    0.015510] ACPI: Early table checksum verification disabled
[    0.017921] ACPI: RSDP 0x00000000000F0450 000024 (v02 LENOVO)
[    0.017923] ACPI: XSDT 0x00000000DA992088 000094 (v01 LENOVO TC-FB    00001B20 AMI  00010013)
[    0.017927] ACPI: FACP 0x00000000DA9A99A0 00010C (v05 LENOVO TC-FB    00001B20 AMI  00010013)
[    0.017930] ACPI: DSDT 0x00000000DA9921B0 0177EE (v02 LENOVO TC-FB    00001B20 INTL 20120711)
[    0.017932] ACPI: FACS 0x00000000DB6E4F80 000040
[    0.017933] ACPI: APIC 0x00000000DA9A9AB0 000092 (v03 LENOVO TC-FB    00001B20 AMI  00010013)
[    0.017935] ACPI: FPDT 0x00000000DA9A9B48 000044 (v01 LENOVO TC-FB    00001B20 AMI  00010013)
[    0.017937] ACPI: FIDT 0x00000000DA9A9B90 00009C (v01 LENOVO TC-FB    00001B20 AMI  00010013)
[    0.017938] ACPI: DBGP 0x00000000DA9A9C30 000034 (v01 LENOVO TC-FB    00001B20 MSFT 00000005)
[    0.017940] ACPI: LUFT 0x00000000DA9A9C68 0329E2 (v01 LENOVO TC-FB    00001B20 AMI  00010013)
[    0.017941] ACPI: SSDT 0x00000000DA9DC650 000539 (v01 LENOVO TC-FB    00001B20 INTL 20120711)
[    0.017943] ACPI: SSDT 0x00000000DA9DCB90 000AD8 (v01 LENOVO TC-FB    00001B20 INTL 20120711)
[    0.017945] ACPI: MCFG 0x00000000DA9DD668 00003C (v01 LENOVO TC-FB    00001B20 MSFT 00000097)
[    0.017946] ACPI: HPET 0x00000000DA9DD6A8 000038 (v01 LENOVO TC-FB    00001B20 AMI. 00000005)
[    0.017948] ACPI: SSDT 0x00000000DA9DD6E0 00036D (v01 LENOVO TC-FB    00001B20 INTL 20120711)
[    0.017949] ACPI: SSDT 0x00000000DA9DDA50 003528 (v01 LENOVO TC-FB    00001B20 INTL 20091112)
[    0.017951] ACPI: ASF! 0x00000000DA9E0F78 0000A5 (v32 LENOVO TC-FB    00001B20 TFSM 000F4240)
[    0.017953] ACPI: BGRT 0x00000000DA9E1020 000038 (v00 LENOVO TC-FB    00001B20 AMI  00010013)
[    0.017958] ACPI: Local APIC address 0xfee00000
[    0.018018] No NUMA configuration found
[    0.018019] Faking a node at [mem 0x0000000000000000-0x000000021edfffff]
[    0.018021] NODE_DATA(0) allocated [mem 0x21edf9000-0x21edfdfff]
[    0.018037] Zone ranges:
[    0.018037]   DMA      [mem 0x0000000000001000-0x0000000000ffffff]
[    0.018038]   DMA32    [mem 0x0000000001000000-0x00000000ffffffff]
[    0.018039]   Normal   [mem 0x0000000100000000-0x000000021edfffff]
[    0.018040]   Device   empty
[    0.018040] Movable zone start for each node
[    0.018041] Early memory node ranges
[    0.018041]   node   0: [mem 0x0000000000001000-0x000000000009cfff]
[    0.018041]   node   0: [mem 0x0000000000100000-0x00000000ca192fff]
[    0.018042]   node   0: [mem 0x00000000ca19a000-0x00000000ca5d7fff]
[    0.018042]   node   0: [mem 0x00000000caa87000-0x00000000da8f1fff]
[    0.018042]   node   0: [mem 0x00000000dbfff000-0x00000000dbffffff]
[    0.018043]   node   0: [mem 0x0000000100000000-0x000000021edfffff]
[    0.018045] Reserved but unavailable: 100 pages
[    0.018046] Initmem setup node 0 [mem 0x0000000000001000-0x000000021edfffff]
[    0.018047] On node 0 totalpages: 2068953
[    0.018047]   DMA zone: 64 pages used for memmap
[    0.018048]   DMA zone: 21 pages reserved
[    0.018048]   DMA zone: 3996 pages, LIFO batch:0
[    0.018105]   DMA32 zone: 13905 pages used for memmap
[    0.018106]   DMA32 zone: 889917 pages, LIFO batch:63
[    0.031054]   Normal zone: 18360 pages used for memmap
[    0.031055]   Normal zone: 1175040 pages, LIFO batch:63
[    0.047215] Reserving Intel graphics memory at [mem 0xdd200000-0xdf1fffff]
[    0.047286] ACPI: PM-Timer IO Port: 0x1808
[    0.047288] ACPI: Local APIC address 0xfee00000
[    0.047292] ACPI: LAPIC_NMI (acpi_id[0xff] high edge lint[0x1])
[    0.047301] IOAPIC[0]: apic_id 8, version 32, address 0xfec00000, GSI 0-23
[    0.047303] ACPI: INT_SRC_OVR (bus 0 bus_irq 0 global_irq 2 dfl dfl)
[    0.047304] ACPI: INT_SRC_OVR (bus 0 bus_irq 9 global_irq 9 high level)
[    0.047304] ACPI: IRQ0 used by override.
[    0.047305] ACPI: IRQ9 used by override.
[    0.047306] Using ACPI (MADT) for SMP configuration information
[    0.047307] ACPI: HPET id: 0x8086a701 base: 0xfed00000
[    0.047310] smpboot: Allowing 8 CPUs, 0 hotplug CPUs
[    0.047322] PM: Registered nosave memory: [mem 0x00000000-0x00000fff]
[    0.047323] PM: Registered nosave memory: [mem 0x0009d000-0x0009dfff]
[    0.047324] PM: Registered nosave memory: [mem 0x0009e000-0x0009ffff]
[    0.047324] PM: Registered nosave memory: [mem 0x000a0000-0x000dffff]
[    0.047324] PM: Registered nosave memory: [mem 0x000e0000-0x000fffff]
[    0.047325] PM: Registered nosave memory: [mem 0xca193000-0xca199fff]
[    0.047326] PM: Registered nosave memory: [mem 0xca5d8000-0xcaa86fff]
[    0.047327] PM: Registered nosave memory: [mem 0xda8f2000-0xda97dfff]
[    0.047327] PM: Registered nosave memory: [mem 0xda97e000-0xda9e1fff]
[    0.047328] PM: Registered nosave memory: [mem 0xda9e2000-0xdb6e5fff]
[    0.047328] PM: Registered nosave memory: [mem 0xdb6e6000-0xdbffefff]
[    0.047329] PM: Registered nosave memory: [mem 0xdc000000-0xdcffffff]
[    0.047329] PM: Registered nosave memory: [mem 0xdd000000-0xdf1fffff]
[    0.047329] PM: Registered nosave memory: [mem 0xdf200000-0xf7ffffff]
[    0.047330] PM: Registered nosave memory: [mem 0xf8000000-0xfbffffff]
[    0.047330] PM: Registered nosave memory: [mem 0xfc000000-0xfebfffff]
[    0.047330] PM: Registered nosave memory: [mem 0xfec00000-0xfec00fff]
[    0.047331] PM: Registered nosave memory: [mem 0xfec01000-0xfecfffff]
[    0.047331] PM: Registered nosave memory: [mem 0xfed00000-0xfed03fff]
[    0.047331] PM: Registered nosave memory: [mem 0xfed04000-0xfed1bfff]
[    0.047331] PM: Registered nosave memory: [mem 0xfed1c000-0xfed1ffff]
[    0.047332] PM: Registered nosave memory: [mem 0xfed20000-0xfedfffff]
[    0.047332] PM: Registered nosave memory: [mem 0xfee00000-0xfee00fff]
[    0.047332] PM: Registered nosave memory: [mem 0xfee01000-0xfeffffff]
[    0.047333] PM: Registered nosave memory: [mem 0xff000000-0xffffffff]
[    0.047334] [mem 0xdf200000-0xf7ffffff] available for PCI devices
[    0.047335] Booting paravirtualized kernel on bare hardware
[    0.047337] clocksource: refined-jiffies: mask: 0xffffffff max_cycles: 0xffffffff, max_idle_ns: 7645519600211568 ns
[    0.114351] random: get_random_bytes called from start_kernel+0x93/0x52c with crng_init=0
[    0.114355] setup_percpu: NR_CPUS:512 nr_cpumask_bits:512 nr_cpu_ids:8 nr_node_ids:1
[    0.114595] percpu: Embedded 45 pages/cpu s144408 r8192 d31720 u262144
[    0.114599] pcpu-alloc: s144408 r8192 d31720 u262144 alloc=1*2097152
[    0.114600] pcpu-alloc: [0] 0 1 2 3 4 5 6 7 
[    0.114614] Built 1 zonelists, mobility grouping on.  Total pages: 2036603
[    0.114614] Policy zone: Normal
[    0.114615] Kernel command line: BOOT_IMAGE=/vmlinuz-4.19.0-6-amd64 root=UUID=b67990e7-486f-4259-8d8e-33bcdb1be08e ro splash quiet DEEPIN_GFXMODE=2,1920x1080,1024x768,1280x1024
[    0.120169] Calgary: detecting Calgary via BIOS EBDA area
[    0.120170] Calgary: Unable to locate Rio Grande table in EBDA - bailing!
[    0.146312] Memory: 7991312K/8275812K available (10252K kernel code, 1261K rwdata, 3368K rodata, 1592K init, 2184K bss, 284500K reserved, 0K cma-reserved)
[    0.146380] SLUB: HWalign=64, Order=0-3, MinObjects=0, CPUs=8, Nodes=1
[    0.146384] Kernel/User page tables isolation: enabled
[    0.150896] ftrace: allocating 32773 entries in 129 pages
[    0.159531] rcu: Hierarchical RCU implementation.
[    0.159532] rcu: 	RCU restricting CPUs from NR_CPUS=512 to nr_cpu_ids=8.
[    0.159532] rcu: Adjusting geometry for rcu_fanout_leaf=16, nr_cpu_ids=8
[    0.161328] NR_IRQS: 33024, nr_irqs: 488, preallocated irqs: 16
[    0.163350] Console: colour VGA+ 80x25
[    0.163354] console [tty0] enabled
[    0.163364] ACPI: Core revision 20180810
[    0.163609] clocksource: hpet: mask: 0xffffffff max_cycles: 0xffffffff, max_idle_ns: 133484882848 ns
[    0.163616] hpet clockevent registered
[    0.163619] APIC: Switch to symmetric I/O mode setup
[    0.163683] x2apic: IRQ remapping doesn't support X2APIC mode
[    0.164022] ..TIMER: vector=0x30 apic1=0 pin1=2 apic2=0 pin2=0
[    0.183619] clocksource: tsc-early: mask: 0xffffffffffffffff max_cycles: 0x33c6018e35f, max_idle_ns: 440795372159 ns
[    0.183627] Calibrating delay loop (skipped), value calculated using timer frequency.. 7183.56 BogoMIPS (lpj=14367132)
[    0.183628] pid_max: default: 32768 minimum: 301
[    0.183647] Security Framework initialized
[    0.183648] Yama: disabled by default; enable with sysctl kernel.yama.*
[    0.183658] AppArmor: AppArmor initialized
[    0.183659] LSM initialized: elfverify
[    0.184882] Dentry cache hash table entries: 1048576 (order: 11, 8388608 bytes)
[    0.185604] Inode-cache hash table entries: 524288 (order: 10, 4194304 bytes)
[    0.185635] Mount-cache hash table entries: 16384 (order: 5, 131072 bytes)
[    0.185659] Mountpoint-cache hash table entries: 16384 (order: 5, 131072 bytes)
[    0.185805] ENERGY_PERF_BIAS: Set to 'normal', was 'performance'
[    0.185805] ENERGY_PERF_BIAS: View and update with x86_energy_perf_policy(8)
[    0.185814] CPU0: Thermal monitoring enabled (TM1)
[    0.185823] process: using mwait in idle threads
[    0.185825] Last level iTLB entries: 4KB 1024, 2MB 1024, 4MB 1024
[    0.185826] Last level dTLB entries: 4KB 1024, 2MB 1024, 4MB 1024, 1GB 4
[    0.185827] Spectre V1 : Mitigation: usercopy/swapgs barriers and __user pointer sanitization
[    0.185828] Spectre V2 : Mitigation: Full generic retpoline
[    0.185828] Spectre V2 : Spectre v2 / SpectreRSB mitigation: Filling RSB on context switch
[    0.185828] Spectre V2 : Enabling Restricted Speculation for firmware calls
[    0.185833] Spectre V2 : mitigation: Enabling conditional Indirect Branch Prediction Barrier
[    0.185833] Spectre V2 : User space: Mitigation: STIBP via seccomp and prctl
[    0.185834] Speculative Store Bypass: Mitigation: Speculative Store Bypass disabled via prctl and seccomp
[    0.185849] MDS: Mitigation: Clear CPU buffers
[    0.188048] Freeing SMP alternatives memory: 24K
[    0.190551] TSC deadline timer enabled
[    0.190554] smpboot: CPU0: Intel(R) Core(TM) i7-4790 CPU @ 3.60GHz (family: 0x6, model: 0x3c, stepping: 0x3)
[    0.190609] Performance Events: PEBS fmt2+, Haswell events, 16-deep LBR, full-width counters, Intel PMU driver.
[    0.190639] ... version:                3
[    0.190640] ... bit width:              48
[    0.190640] ... generic registers:      4
[    0.190640] ... value mask:             0000ffffffffffff
[    0.190641] ... max period:             00007fffffffffff
[    0.190641] ... fixed-purpose events:   3
[    0.190641] ... event mask:             000000070000000f
[    0.190666] rcu: Hierarchical SRCU implementation.
[    0.190917] random: crng done (trusting CPU's manufacturer)
[    0.191278] NMI watchdog: Enabled. Permanently consumes one hw-PMU counter.
[    0.191317] smp: Bringing up secondary CPUs ...
[    0.191359] x86: Booting SMP configuration:
[    0.191360] .... node  #0, CPUs:      #1 #2 #3 #4
[    0.193014] MDS CPU bug present and SMT on, data leak possible. See https://www.kernel.org/doc/html/latest/admin-guide/hw-vuln/mds.html for more details.
[    0.193014]  #5 #6 #7
[    0.193014] smp: Brought up 1 node, 8 CPUs
[    0.193014] smpboot: Max logical packages: 1
[    0.193014] smpboot: Total of 8 processors activated (57468.52 BogoMIPS)
[    0.195842] devtmpfs: initialized
[    0.195842] x86/mm: Memory block size: 128MB
[    0.196018] PM: Registering ACPI NVS region [mem 0xca193000-0xca199fff] (28672 bytes)
[    0.196018] PM: Registering ACPI NVS region [mem 0xda9e2000-0xdb6e5fff] (13647872 bytes)
[    0.196018] clocksource: jiffies: mask: 0xffffffff max_cycles: 0xffffffff, max_idle_ns: 7645041785100000 ns
[    0.196018] futex hash table entries: 2048 (order: 5, 131072 bytes)
[    0.196018] pinctrl core: initialized pinctrl subsystem
[    0.196018] NET: Registered protocol family 16
[    0.196018] audit: initializing netlink subsys (disabled)
[    0.196018] audit: type=2000 audit(1585009344.032:1): state=initialized audit_enabled=0 res=1
[    0.196018] cpuidle: using governor ladder
[    0.196018] cpuidle: using governor menu
[    0.196018] ACPI FADT declares the system doesn't support PCIe ASPM, so disable it
[    0.196018] ACPI: bus type PCI registered
[    0.196018] acpiphp: ACPI Hot Plug PCI Controller Driver version: 0.5
[    0.196018] PCI: MMCONFIG for domain 0000 [bus 00-3f] at [mem 0xf8000000-0xfbffffff] (base 0xf8000000)
[    0.196018] PCI: MMCONFIG at [mem 0xf8000000-0xfbffffff] reserved in E820
[    0.196018] pmd_set_huge: Cannot satisfy [mem 0xf8000000-0xf8200000] with a huge-page mapping due to MTRR override.
[    0.196018] PCI: Using configuration type 1 for base access
[    0.196018] core: PMU erratum BJ122, BV98, HSD29 worked around, HT is on
[    0.196098] HugeTLB registered 1.00 GiB page size, pre-allocated 0 pages
[    0.196098] HugeTLB registered 2.00 MiB page size, pre-allocated 0 pages
[    0.196098] ACPI: Added _OSI(Module Device)
[    0.196098] ACPI: Added _OSI(Processor Device)
[    0.196098] ACPI: Added _OSI(3.0 _SCP Extensions)
[    0.196098] ACPI: Added _OSI(Processor Aggregator Device)
[    0.196098] ACPI: Added _OSI(Linux-Dell-Video)
[    0.196098] ACPI: Added _OSI(Linux-Lenovo-NV-HDMI-Audio)
[    0.205953] ACPI: 5 ACPI AML tables successfully acquired and loaded
[    0.205953] ACPI: [Firmware Bug]: BIOS _OSI(Linux) query ignored
[    0.207706] ACPI: Dynamic OEM Table Load:
[    0.207709] ACPI: SSDT 0xFFFF9B98D5111000 0003D3 (v01 PmRef  Cpu0Cst  00003001 INTL 20120711)
[    0.207813] ACPI: Dynamic OEM Table Load:
[    0.207813] ACPI: SSDT 0xFFFF9B98D5122800 0005AA (v01 PmRef  ApIst    00003000 INTL 20120711)
[    0.207997] ACPI: Dynamic OEM Table Load:
[    0.207997] ACPI: SSDT 0xFFFF9B98D4C9A800 000119 (v01 PmRef  ApCst    00003000 INTL 20120711)
[    0.207999] ACPI: Interpreter enabled
[    0.207999] ACPI: (supports S0 S3 S4 S5)
[    0.207999] ACPI: Using IOAPIC for interrupt routing
[    0.207999] PCI: Using host bridge windows from ACPI; if necessary, use "pci=nocrs" and report a bug
[    0.208062] ACPI: Enabled 9 GPEs in block 00 to 3F
[    0.213882] ACPI: Power Resource [FN00] (off)
[    0.213922] ACPI: Power Resource [FN01] (off)
[    0.213959] ACPI: Power Resource [FN02] (off)
[    0.213996] ACPI: Power Resource [FN03] (off)
[    0.214036] ACPI: Power Resource [FN04] (off)
[    0.214606] ACPI: PCI Root Bridge [PCI0] (domain 0000 [bus 00-3e])
[    0.214609] acpi PNP0A08:00: _OSC: OS supports [ExtendedConfig ASPM ClockPM Segments MSI]
[    0.214745] acpi PNP0A08:00: _OSC: platform does not support [PCIeHotplug SHPCHotplug PME]
[    0.214816] acpi PNP0A08:00: _OSC: OS now controls [AER PCIeCapability LTR]
[    0.214817] acpi PNP0A08:00: FADT indicates ASPM is unsupported, using BIOS configuration
[    0.215052] PCI host bridge to bus 0000:00
[    0.215053] pci_bus 0000:00: root bus resource [io  0x0000-0x0cf7 window]
[    0.215054] pci_bus 0000:00: root bus resource [io  0x0d00-0xffff window]
[    0.215054] pci_bus 0000:00: root bus resource [mem 0x000a0000-0x000bffff window]
[    0.215055] pci_bus 0000:00: root bus resource [mem 0x000d4000-0x000d7fff window]
[    0.215056] pci_bus 0000:00: root bus resource [mem 0x000d8000-0x000dbfff window]
[    0.215056] pci_bus 0000:00: root bus resource [mem 0x000dc000-0x000dffff window]
[    0.215057] pci_bus 0000:00: root bus resource [mem 0x000e0000-0x000e3fff window]
[    0.215057] pci_bus 0000:00: root bus resource [mem 0x000e4000-0x000e7fff window]
[    0.215058] pci_bus 0000:00: root bus resource [mem 0xdf200000-0xfeafffff window]
[    0.215059] pci_bus 0000:00: root bus resource [bus 00-3e]
[    0.215063] pci 0000:00:00.0: [8086:0c00] type 00 class 0x060000
[    0.215119] pci 0000:00:02.0: [8086:0412] type 00 class 0x030000
[    0.215126] pci 0000:00:02.0: reg 0x10: [mem 0xf7800000-0xf7bfffff 64bit]
[    0.215129] pci 0000:00:02.0: reg 0x18: [mem 0xe0000000-0xefffffff 64bit pref]
[    0.215132] pci 0000:00:02.0: reg 0x20: [io  0xf000-0xf03f]
[    0.215180] pci 0000:00:03.0: [8086:0c0c] type 00 class 0x040300
[    0.215186] pci 0000:00:03.0: reg 0x10: [mem 0xf7c34000-0xf7c37fff 64bit]
[    0.215252] pci 0000:00:14.0: [8086:8c31] type 00 class 0x0c0330
[    0.215269] pci 0000:00:14.0: reg 0x10: [mem 0xf7c20000-0xf7c2ffff 64bit]
[    0.215317] pci 0000:00:14.0: PME# supported from D3hot D3cold
[    0.215364] pci 0000:00:16.0: [8086:8c3a] type 00 class 0x078000
[    0.215381] pci 0000:00:16.0: reg 0x10: [mem 0xf7c40000-0xf7c4000f 64bit]
[    0.215433] pci 0000:00:16.0: PME# supported from D0 D3hot D3cold
[    0.215476] pci 0000:00:16.3: [8086:8c3d] type 00 class 0x070002
[    0.215491] pci 0000:00:16.3: reg 0x10: [io  0xf0e0-0xf0e7]
[    0.215497] pci 0000:00:16.3: reg 0x14: [mem 0xf7c3e000-0xf7c3efff]
[    0.215591] pci 0000:00:19.0: [8086:153a] type 00 class 0x020000
[    0.215607] pci 0000:00:19.0: reg 0x10: [mem 0xf7c00000-0xf7c1ffff]
[    0.215613] pci 0000:00:19.0: reg 0x14: [mem 0xf7c3d000-0xf7c3dfff]
[    0.215619] pci 0000:00:19.0: reg 0x18: [io  0xf080-0xf09f]
[    0.215668] pci 0000:00:19.0: PME# supported from D0 D3hot D3cold
[    0.215716] pci 0000:00:1a.0: [8086:8c2d] type 00 class 0x0c0320
[    0.215734] pci 0000:00:1a.0: reg 0x10: [mem 0xf7c3c000-0xf7c3c3ff]
[    0.215803] pci 0000:00:1a.0: PME# supported from D0 D3hot D3cold
[    0.215852] pci 0000:00:1b.0: [8086:8c20] type 00 class 0x040300
[    0.215869] pci 0000:00:1b.0: reg 0x10: [mem 0xf7c30000-0xf7c33fff 64bit]
[    0.215925] pci 0000:00:1b.0: PME# supported from D0 D3hot D3cold
[    0.215970] pci 0000:00:1c.0: [8086:8c10] type 01 class 0x060400
[    0.216029] pci 0000:00:1c.0: PME# supported from D0 D3hot D3cold
[    0.216104] pci 0000:00:1c.3: [8086:8c16] type 01 class 0x060400
[    0.216164] pci 0000:00:1c.3: PME# supported from D0 D3hot D3cold
[    0.216236] pci 0000:00:1d.0: [8086:8c26] type 00 class 0x0c0320
[    0.216254] pci 0000:00:1d.0: reg 0x10: [mem 0xf7c3b000-0xf7c3b3ff]
[    0.216324] pci 0000:00:1d.0: PME# supported from D0 D3hot D3cold
[    0.216373] pci 0000:00:1f.0: [8086:8c4e] type 00 class 0x060100
[    0.216505] pci 0000:00:1f.2: [8086:8c02] type 00 class 0x010601
[    0.216518] pci 0000:00:1f.2: reg 0x10: [io  0xf0d0-0xf0d7]
[    0.216524] pci 0000:00:1f.2: reg 0x14: [io  0xf0c0-0xf0c3]
[    0.216529] pci 0000:00:1f.2: reg 0x18: [io  0xf0b0-0xf0b7]
[    0.216535] pci 0000:00:1f.2: reg 0x1c: [io  0xf0a0-0xf0a3]
[    0.216540] pci 0000:00:1f.2: reg 0x20: [io  0xf060-0xf07f]
[    0.216546] pci 0000:00:1f.2: reg 0x24: [mem 0xf7c3a000-0xf7c3a7ff]
[    0.216574] pci 0000:00:1f.2: PME# supported from D3hot
[    0.216615] pci 0000:00:1f.3: [8086:8c22] type 00 class 0x0c0500
[    0.216629] pci 0000:00:1f.3: reg 0x10: [mem 0xf7c39000-0xf7c390ff 64bit]
[    0.216645] pci 0000:00:1f.3: reg 0x20: [io  0xf040-0xf05f]
[    0.216736] acpiphp: Slot [1] registered
[    0.216740] pci 0000:00:1c.0: PCI bridge to [bus 01]
[    0.216829] pci 0000:02:00.0: [1283:8893] type 01 class 0x060401
[    0.217196] pci 0000:02:00.0: supports D1 D2
[    0.217197] pci 0000:02:00.0: PME# supported from D0 D1 D2 D3hot D3cold
[    0.217294] pci 0000:00:1c.3: PCI bridge to [bus 02-03]
[    0.217345] pci_bus 0000:03: extended config space not accessible
[    0.217431] pci 0000:02:00.0: PCI bridge to [bus 03] (subtractive decode)
[    0.218015] ACPI: PCI Interrupt Link [LNKA] (IRQs 3 4 5 6 10 *11 12 14 15)
[    0.218045] ACPI: PCI Interrupt Link [LNKB] (IRQs *3 4 5 6 10 11 12 14 15)
[    0.218073] ACPI: PCI Interrupt Link [LNKC] (IRQs 3 4 *5 6 10 11 12 14 15)
[    0.218101] ACPI: PCI Interrupt Link [LNKD] (IRQs 3 4 5 6 *10 11 12 14 15)
[    0.218128] ACPI: PCI Interrupt Link [LNKE] (IRQs 3 4 *5 6 10 11 12 14 15)
[    0.218155] ACPI: PCI Interrupt Link [LNKF] (IRQs 3 4 5 6 10 11 12 14 15) *0, disabled.
[    0.218183] ACPI: PCI Interrupt Link [LNKG] (IRQs 3 4 5 6 10 *11 12 14 15)
[    0.218210] ACPI: PCI Interrupt Link [LNKH] (IRQs 3 4 5 6 *10 11 12 14 15)
[    0.219626] pci 0000:00:02.0: vgaarb: setting as boot VGA device
[    0.219626] pci 0000:00:02.0: vgaarb: VGA device added: decodes=io+mem,owns=io+mem,locks=none
[    0.219627] pci 0000:00:02.0: vgaarb: bridge control possible
[    0.219627] vgaarb: loaded
[    0.219659] pps_core: LinuxPPS API ver. 1 registered
[    0.219660] pps_core: Software ver. 5.3.6 - Copyright 2005-2007 Rodolfo Giometti <giometti@linux.it>
[    0.219661] PTP clock support registered
[    0.219664] EDAC MC: Ver: 3.0.0
[    0.219708] PCI: Using ACPI for IRQ routing
[    0.223802] PCI: pci_cache_line_size set to 64 bytes
[    0.223834] e820: reserve RAM buffer [mem 0x0009d800-0x0009ffff]
[    0.223835] e820: reserve RAM buffer [mem 0xca193000-0xcbffffff]
[    0.223836] e820: reserve RAM buffer [mem 0xca5d8000-0xcbffffff]
[    0.223836] e820: reserve RAM buffer [mem 0xda8f2000-0xdbffffff]
[    0.223837] e820: reserve RAM buffer [mem 0x21ee00000-0x21fffffff]
[    0.223963] hpet0: at MMIO 0xfed00000, IRQs 2, 8, 0, 0, 0, 0, 0, 0
[    0.223966] hpet0: 8 comparators, 64-bit 14.318180 MHz counter
[    0.225996] clocksource: Switched to clocksource tsc-early
[    0.229715] VFS: Disk quotas dquot_6.6.0
[    0.229727] VFS: Dquot-cache hash table entries: 512 (order 0, 4096 bytes)
[    0.229798] AppArmor: AppArmor Filesystem Enabled
[    0.229809] pnp: PnP ACPI init
[    0.229872] system 00:00: [mem 0xfed40000-0xfed44fff] has been reserved
[    0.229875] system 00:00: Plug and Play ACPI device, IDs PNP0c01 (active)
[    0.229976] system 00:01: [io  0x0680-0x069f] has been reserved
[    0.229977] system 00:01: [io  0xffff] has been reserved
[    0.229978] system 00:01: [io  0xffff] has been reserved
[    0.229978] system 00:01: [io  0xffff] has been reserved
[    0.229979] system 00:01: [io  0x1c00-0x1cfe] has been reserved
[    0.229980] system 00:01: [io  0x1d00-0x1dfe] has been reserved
[    0.229980] system 00:01: [io  0x1e00-0x1efe] has been reserved
[    0.229981] system 00:01: [io  0x1f00-0x1ffe] has been reserved
[    0.229982] system 00:01: [io  0x1800-0x18fe] has been reserved
[    0.229982] system 00:01: [io  0x164e-0x164f] has been reserved
[    0.229984] system 00:01: Plug and Play ACPI device, IDs PNP0c02 (active)
[    0.229996] pnp 00:02: Plug and Play ACPI device, IDs PNP0b00 (active)
[    0.230021] system 00:03: [io  0x1854-0x1857] has been reserved
[    0.230023] system 00:03: Plug and Play ACPI device, IDs INT3f0d PNP0c02 (active)
[    0.230095] system 00:04: [io  0x0a00-0x0a2f] has been reserved
[    0.230096] system 00:04: [io  0x0a30-0x0a3f] has been reserved
[    0.230097] system 00:04: [io  0x0a40-0x0a4f] has been reserved
[    0.230098] system 00:04: Plug and Play ACPI device, IDs PNP0c02 (active)
[    0.230140] system 00:05: [io  0x04d0-0x04d1] has been reserved
[    0.230141] system 00:05: [mem 0xfed40000-0xfed44fff] has been reserved
[    0.230142] system 00:05: Plug and Play ACPI device, IDs PNP0c02 (active)
[    0.230257] pnp 00:06: [dma 0 disabled]
[    0.230279] pnp 00:06: Plug and Play ACPI device, IDs PNP0501 (active)
[    0.230444] pnp 00:07: Plug and Play ACPI device, IDs PNP0f03 PNP0f13 (active)
[    0.230687] system 00:08: [mem 0xfed1c000-0xfed1ffff] has been reserved
[    0.230687] system 00:08: [mem 0xfed10000-0xfed17fff] has been reserved
[    0.230688] system 00:08: [mem 0xfed18000-0xfed18fff] has been reserved
[    0.230689] system 00:08: [mem 0xfed19000-0xfed19fff] has been reserved
[    0.230689] system 00:08: [mem 0xf8000000-0xfbffffff] has been reserved
[    0.230690] system 00:08: [mem 0xfed20000-0xfed3ffff] has been reserved
[    0.230691] system 00:08: [mem 0xfed90000-0xfed93fff] has been reserved
[    0.230692] system 00:08: [mem 0xfed45000-0xfed8ffff] has been reserved
[    0.230692] system 00:08: [mem 0xff000000-0xffffffff] has been reserved
[    0.230693] system 00:08: [mem 0xfee00000-0xfeefffff] could not be reserved
[    0.230694] system 00:08: [mem 0xf7fdf000-0xf7fdffff] has been reserved
[    0.230695] system 00:08: [mem 0xf7fe0000-0xf7feffff] has been reserved
[    0.230696] system 00:08: Plug and Play ACPI device, IDs PNP0c02 (active)
[    0.230856] pnp: PnP ACPI: found 9 devices
[    0.236027] clocksource: acpi_pm: mask: 0xffffff max_cycles: 0xffffff, max_idle_ns: 2085701024 ns
[    0.236057] pci 0000:00:1c.0: PCI bridge to [bus 01]
[    0.236066] pci 0000:02:00.0: PCI bridge to [bus 03]
[    0.236087] pci 0000:00:1c.3: PCI bridge to [bus 02-03]
[    0.236095] pci_bus 0000:00: resource 4 [io  0x0000-0x0cf7 window]
[    0.236096] pci_bus 0000:00: resource 5 [io  0x0d00-0xffff window]
[    0.236097] pci_bus 0000:00: resource 6 [mem 0x000a0000-0x000bffff window]
[    0.236097] pci_bus 0000:00: resource 7 [mem 0x000d4000-0x000d7fff window]
[    0.236098] pci_bus 0000:00: resource 8 [mem 0x000d8000-0x000dbfff window]
[    0.236098] pci_bus 0000:00: resource 9 [mem 0x000dc000-0x000dffff window]
[    0.236099] pci_bus 0000:00: resource 10 [mem 0x000e0000-0x000e3fff window]
[    0.236100] pci_bus 0000:00: resource 11 [mem 0x000e4000-0x000e7fff window]
[    0.236100] pci_bus 0000:00: resource 12 [mem 0xdf200000-0xfeafffff window]
[    0.236164] NET: Registered protocol family 2
[    0.236253] tcp_listen_portaddr_hash hash table entries: 4096 (order: 4, 65536 bytes)
[    0.236273] TCP established hash table entries: 65536 (order: 7, 524288 bytes)
[    0.236374] TCP bind hash table entries: 65536 (order: 8, 1048576 bytes)
[    0.236544] TCP: Hash tables configured (established 65536 bind 65536)
[    0.236569] UDP hash table entries: 4096 (order: 5, 131072 bytes)
[    0.236592] UDP-Lite hash table entries: 4096 (order: 5, 131072 bytes)
[    0.236642] NET: Registered protocol family 1
[    0.236645] NET: Registered protocol family 44
[    0.236650] pci 0000:00:02.0: Video device with shadowed ROM at [mem 0x000c0000-0x000dffff]
[    0.259687] pci 0000:00:1a.0: quirk_usb_early_handoff+0x0/0x6c1 took 22377 usecs
[    0.279682] pci 0000:00:1d.0: quirk_usb_early_handoff+0x0/0x6c1 took 19515 usecs
[    0.279694] PCI: CLS 64 bytes, default 64
[    0.279716] Unpacking initramfs...
[    0.839548] Freeing initrd memory: 61160K
[    0.839558] PCI-DMA: Using software bounce buffering for IO (SWIOTLB)
[    0.839559] software IO TLB: mapped [mem 0xd68f2000-0xda8f2000] (64MB)
[    0.840034] Initialise system trusted keyrings
[    0.840041] Key type blacklist registered
[    0.840075] workingset: timestamp_bits=40 max_order=21 bucket_order=0
[    0.840763] zbud: loaded
[    0.940319] Key type asymmetric registered
[    0.940320] Asymmetric key parser 'x509' registered
[    0.940327] Block layer SCSI generic (bsg) driver version 0.4 loaded (major 247)
[    0.940349] io scheduler noop registered
[    0.940350] io scheduler deadline registered
[    0.940370] io scheduler cfq registered (default)
[    0.940371] io scheduler mq-deadline registered
[    0.940730] shpchp: Standard Hot Plug PCI Controller Driver version: 0.4
[    0.940740] intel_idle: MWAIT substates: 0x42120
[    0.940741] intel_idle: v0.4.1 model 0x3C
[    0.940923] intel_idle: lapic_timer_reliable_states 0xffffffff
[    0.941233] Serial: 8250/16550 driver, 4 ports, IRQ sharing enabled
[    0.962322] 00:06: ttyS0 at I/O 0x3f8 (irq = 4, base_baud = 115200) is a 16550A
[    0.982897] 0000:00:16.3: ttyS1 at I/O 0xf0e0 (irq = 19, base_baud = 115200) is a 16550A
[    0.983112] Linux agpgart interface v0.103
[    0.983139] AMD IOMMUv2 driver by Joerg Roedel <jroedel@suse.de>
[    0.983139] AMD IOMMUv2 functionality not available on this system
[    0.983556] WangXun Gigabit PCI Express Network Driver - version 1.0.2
[    0.983556] Copyright (c) 2018 -2019 Beijing WangXun Technology Co., Ltd
[    0.983581] WangXun 10 Gigabit PCI Express Network Driver - version 1.1.10
[    0.983582] Copyright (c) 2015 -2017 Beijing WangXun Technology Co., Ltd
[    0.983611] i8042: PNP: PS/2 Controller [PNP0f03:PS2M] at 0x60,0x64 irq 12
[    0.983611] i8042: PNP: PS/2 controller doesn't have KBD irq; using default 1
[    0.984155] serio: i8042 KBD port at 0x60,0x64 irq 1
[    0.984158] serio: i8042 AUX port at 0x60,0x64 irq 12
[    0.984233] mousedev: PS/2 mouse device common for all mice
[    0.984263] rtc_cmos 00:02: RTC can wake from S4
[    0.984398] rtc_cmos 00:02: registered as rtc0
[    0.984407] rtc_cmos 00:02: alarms up to one month, y3k, 242 bytes nvram, hpet irqs
[    0.984413] intel_pstate: Intel P-state driver initializing
[    0.984759] ledtrig-cpu: registered to indicate activity on CPUs
[    0.985931] NET: Registered protocol family 10
[    0.997738] Segment Routing with IPv6
[    0.997752] mip6: Mobile IPv6
[    0.997753] NET: Registered protocol family 17
[    0.997771] mpls_gso: MPLS GSO support
[    0.997999] mce: Using 9 MCE banks
[    0.998019] microcode: sig=0x306c3, pf=0x2, revision=0x27
[    0.998093] microcode: Microcode Update Driver: v2.2.
[    0.998099] sched_clock: Marking stable (995961381, 2129315)->(1008945076, -10854380)
[    0.998217] registered taskstats version 1
[    0.998217] Loading compiled-in X.509 certificates
[    1.023298] Loaded X.509 cert 'Debian Secure Boot CA: 6ccece7e4c6c0d1f6149f3dd27dfcc5cbb419ea1'
[    1.023306] Loaded X.509 cert 'Debian Secure Boot Signer: 00a7468def'
[    1.023316] zswap: loaded using pool lzo/zbud
[    1.023390] AppArmor: AppArmor sha1 policy hashing enabled
[    1.023716] rtc_cmos 00:02: setting system clock to 2020-03-24 00:22:25 UTC (1585009345)
[    1.171967] Freeing unused kernel image memory: 1592K
[    1.191636] Write protecting the kernel read-only data: 16384k
[    1.192876] Freeing unused kernel image memory: 2028K
[    1.193059] Freeing unused kernel image memory: 728K
[    1.202931] x86/mm: Checked W+X mappings: passed, no W+X pages found.
[    1.202932] x86/mm: Checking user space page tables
[    1.207998] x86/mm: Checked W+X mappings: passed, no W+X pages found.
[    1.207999] Run /init as init process
[    1.208080] [hook_mmap_file] command: init, device(2), mount(0), elf enabled: 1
[    1.208093] [hook_mmap_file] command: init, device(2), mount(0), elf enabled: 1
[    1.208149] [hook_mmap_file] command: init, device(2), mount(0), elf enabled: 1
[    1.208173] [hook_mmap_file] command: init, device(2), mount(0), elf enabled: 1
[    1.250196] button: module verification failed: signature and/or required key missing - tainting kernel
[    1.250482] input: Power Button as /devices/LNXSYSTM:00/LNXSYBUS:00/PNP0C0C:00/input/input2
[    1.250500] ACPI: Power Button [PWRB]
[    1.250553] input: Power Button as /devices/LNXSYSTM:00/LNXPWRBN:00/input/input3
[    1.250564] ACPI: Power Button [PWRF]
[    1.256639] ACPI Warning: SystemIO range 0x0000000000001828-0x000000000000182F conflicts with OpRegion 0x0000000000001800-0x000000000000187F (\PMIO) (20180810/utaddress-213)
[    1.256645] ACPI: If an ACPI driver is available for this device, you should use it instead of the native driver
[    1.256648] ACPI Warning: SystemIO range 0x0000000000001C40-0x0000000000001C4F conflicts with OpRegion 0x0000000000001C00-0x0000000000001FFF (\GPR) (20180810/utaddress-213)
[    1.256650] ACPI: If an ACPI driver is available for this device, you should use it instead of the native driver
[    1.256651] ACPI Warning: SystemIO range 0x0000000000001C30-0x0000000000001C3F conflicts with OpRegion 0x0000000000001C00-0x0000000000001C3F (\GPRE) (20180810/utaddress-213)
[    1.256653] ACPI Warning: SystemIO range 0x0000000000001C30-0x0000000000001C3F conflicts with OpRegion 0x0000000000001C00-0x0000000000001C3F (\GPRL) (20180810/utaddress-213)
[    1.256655] ACPI Warning: SystemIO range 0x0000000000001C30-0x0000000000001C3F conflicts with OpRegion 0x0000000000001C00-0x0000000000001FFF (\GPR) (20180810/utaddress-213)
[    1.256658] ACPI: If an ACPI driver is available for this device, you should use it instead of the native driver
[    1.256658] ACPI Warning: SystemIO range 0x0000000000001C00-0x0000000000001C2F conflicts with OpRegion 0x0000000000001C00-0x0000000000001C3F (\GPRE) (20180810/utaddress-213)
[    1.256660] ACPI Warning: SystemIO range 0x0000000000001C00-0x0000000000001C2F conflicts with OpRegion 0x0000000000001C00-0x0000000000001C1F (\GPBL) (20180810/utaddress-213)
[    1.256662] ACPI Warning: SystemIO range 0x0000000000001C00-0x0000000000001C2F conflicts with OpRegion 0x0000000000001C00-0x0000000000001C3F (\GPRL) (20180810/utaddress-213)
[    1.256665] ACPI Warning: SystemIO range 0x0000000000001C00-0x0000000000001C2F conflicts with OpRegion 0x0000000000001C00-0x0000000000001FFF (\GPR) (20180810/utaddress-213)
[    1.256667] ACPI: If an ACPI driver is available for this device, you should use it instead of the native driver
[    1.256668] lpc_ich: Resource conflict(s) found affecting gpio_ich
[    1.257029] thermal LNXTHERM:00: registered as thermal_zone0
[    1.257031] ACPI: Thermal Zone [TZ00] (28 C)
[    1.257269] thermal LNXTHERM:01: registered as thermal_zone1
[    1.257270] ACPI: Thermal Zone [TZ01] (30 C)
[    1.258339] e1000e: Intel(R) PRO/1000 Network Driver - 3.2.6-k
[    1.258340] e1000e: Copyright(c) 1999 - 2015 Intel Corporation.
[    1.258450] e1000e 0000:00:19.0: Interrupt Throttling Rate (ints/sec) set to dynamic conservative mode
[    1.259488] SCSI subsystem initialized
[    1.261380] ACPI: bus type USB registered
[    1.261395] usbcore: registered new interface driver usbfs
[    1.261400] usbcore: registered new interface driver hub
[    1.261423] usbcore: registered new device driver usb
[    1.265454] ehci_hcd: USB 2.0 'Enhanced' Host Controller (EHCI) Driver
[    1.266483] ehci-pci: EHCI PCI platform driver
[    1.267311] libata version 3.00 loaded.
[    1.269648] ehci-pci 0000:00:1a.0: EHCI Host Controller
[    1.269657] ehci-pci 0000:00:1a.0: new USB bus registered, assigned bus number 1
[    1.269659] i801_smbus 0000:00:1f.3: SMBus using PCI interrupt
[    1.269673] ehci-pci 0000:00:1a.0: debug port 2
[    1.271132] cryptd: max_cpu_qlen set to 1000
[    1.272581] AVX2 version of gcm_enc/dec engaged.
[    1.272581] AES CTR mode by8 optimization enabled
[    1.272946] ahci 0000:00:1f.2: version 3.0
[    1.273056] ahci 0000:00:1f.2: SSS flag set, parallel bus scan disabled
[    1.273094] ahci 0000:00:1f.2: AHCI 0001.0300 32 slots 5 ports 6 Gbps 0xa impl SATA mode
[    1.273096] ahci 0000:00:1f.2: flags: 64bit ncq stag pm led clo pio slum part ems sxs apst 
[    1.273604] ehci-pci 0000:00:1a.0: cache line size of 64 is not supported
[    1.273615] ehci-pci 0000:00:1a.0: irq 17, io mem 0xf7c3c000
[    1.283970] scsi host0: ahci
[    1.284057] scsi host1: ahci
[    1.284118] scsi host2: ahci
[    1.284197] scsi host3: ahci
[    1.284267] scsi host4: ahci
[    1.284308] ata1: DUMMY
[    1.284311] ata2: SATA max UDMA/133 abar m2048@0xf7c3a000 port 0xf7c3a180 irq 25
[    1.284311] ata3: DUMMY
[    1.284314] ata4: SATA max UDMA/133 abar m2048@0xf7c3a000 port 0xf7c3a280 irq 25
[    1.284314] ata5: DUMMY
[    1.287630] ehci-pci 0000:00:1a.0: USB 2.0 started, EHCI 1.00
[    1.287671] usb usb1: New USB device found, idVendor=1d6b, idProduct=0002, bcdDevice= 4.19
[    1.287672] usb usb1: New USB device strings: Mfr=3, Product=2, SerialNumber=1
[    1.287673] usb usb1: Product: EHCI Host Controller
[    1.287673] usb usb1: Manufacturer: Linux 4.19.0-6-amd64 ehci_hcd
[    1.287674] usb usb1: SerialNumber: 0000:00:1a.0
[    1.287811] hub 1-0:1.0: USB hub found
[    1.287814] hub 1-0:1.0: 3 ports detected
[    1.287934] xhci_hcd 0000:00:14.0: xHCI Host Controller
[    1.287939] xhci_hcd 0000:00:14.0: new USB bus registered, assigned bus number 2
[    1.288979] xhci_hcd 0000:00:14.0: hcc params 0x200077c1 hci version 0x100 quirks 0x0000000000009810
[    1.288982] xhci_hcd 0000:00:14.0: cache line size of 64 is not supported
[    1.289217] usb usb2: New USB device found, idVendor=1d6b, idProduct=0002, bcdDevice= 4.19
[    1.289218] usb usb2: New USB device strings: Mfr=3, Product=2, SerialNumber=1
[    1.289218] usb usb2: Product: xHCI Host Controller
[    1.289219] usb usb2: Manufacturer: Linux 4.19.0-6-amd64 xhci-hcd
[    1.289219] usb usb2: SerialNumber: 0000:00:14.0
[    1.289311] hub 2-0:1.0: USB hub found
[    1.289330] hub 2-0:1.0: 15 ports detected
[    1.291000] ehci-pci 0000:00:1d.0: EHCI Host Controller
[    1.291006] ehci-pci 0000:00:1d.0: new USB bus registered, assigned bus number 3
[    1.291018] ehci-pci 0000:00:1d.0: debug port 2
[    1.291018] xhci_hcd 0000:00:14.0: xHCI Host Controller
[    1.291022] xhci_hcd 0000:00:14.0: new USB bus registered, assigned bus number 4
[    1.291024] xhci_hcd 0000:00:14.0: Host supports USB 3.0 Enhanced SuperSpeed
[    1.291076] usb usb4: New USB device found, idVendor=1d6b, idProduct=0003, bcdDevice= 4.19
[    1.291077] usb usb4: New USB device strings: Mfr=3, Product=2, SerialNumber=1
[    1.291078] usb usb4: Product: xHCI Host Controller
[    1.291078] usb usb4: Manufacturer: Linux 4.19.0-6-amd64 xhci-hcd
[    1.291079] usb usb4: SerialNumber: 0000:00:14.0
[    1.291145] hub 4-0:1.0: USB hub found
[    1.291161] hub 4-0:1.0: 6 ports detected
[    1.291838] [drm] Replacing VGA console driver
[    1.294008] Console: switching to colour dummy device 80x25
[    1.294689] [drm] Supports vblank timestamp caching Rev 2 (21.10.2013).
[    1.294689] [drm] Driver supports precise vblank timestamp query.
[    1.294852] i915 0000:00:02.0: vgaarb: changed VGA decodes: olddecodes=io+mem,decodes=io+mem:owns=io+mem
[    1.294932] ehci-pci 0000:00:1d.0: cache line size of 64 is not supported
[    1.294956] ehci-pci 0000:00:1d.0: irq 23, io mem 0xf7c3b000
[    1.307628] ehci-pci 0000:00:1d.0: USB 2.0 started, EHCI 1.00
[    1.307662] usb usb3: New USB device found, idVendor=1d6b, idProduct=0002, bcdDevice= 4.19
[    1.307664] usb usb3: New USB device strings: Mfr=3, Product=2, SerialNumber=1
[    1.307665] usb usb3: Product: EHCI Host Controller
[    1.307666] usb usb3: Manufacturer: Linux 4.19.0-6-amd64 ehci_hcd
[    1.307666] usb usb3: SerialNumber: 0000:00:1d.0
[    1.307741] hub 3-0:1.0: USB hub found
[    1.307745] hub 3-0:1.0: 3 ports detected
[    1.349851] e1000e 0000:00:19.0 0000:00:19.0 (uninitialized): registered PHC clock
[    1.431842] e1000e 0000:00:19.0 eth0: (PCI Express:2.5GT/s:Width x1) 6c:0b:84:6a:95:62
[    1.431843] e1000e 0000:00:19.0 eth0: Intel(R) PRO/1000 Network Connection
[    1.431889] e1000e 0000:00:19.0 eth0: MAC: 11, PHY: 12, PBA No: FFFFFF-0FF
[    1.432508] e1000e 0000:00:19.0 eno1: renamed from eth0
[    1.601738] ata2: SATA link up 6.0 Gbps (SStatus 133 SControl 300)
[    1.602851] ata2.00: ATA-8: WDC WD5000AAKX-08U6AA0, 19.01H19, max UDMA/100
[    1.602852] ata2.00: 976773168 sectors, multi 16: LBA48 NCQ (depth 32), AA
[    1.603987] ata2.00: configured for UDMA/100
[    1.604077] scsi 1:0:0:0: Direct-Access     ATA      WDC WD5000AAKX-0 1H19 PQ: 0 ANSI: 5
[    1.631626] usb 1-1: new high-speed USB device number 2 using ehci-pci
[    1.631626] usb 2-1: new low-speed USB device number 2 using xhci_hcd
[    1.634250] [drm] Initialized i915 1.6.0 20180719 for 0000:00:02.0 on minor 0
[    1.635083] ACPI: Video Device [GFX0] (multi-head: yes  rom: no  post: no)
[    1.635232] input: Video Bus as /devices/LNXSYSTM:00/LNXSYBUS:00/PNP0A08:00/LNXVIDEO:00/input/input5
[    1.647654] usb 3-1: new high-speed USB device number 2 using ehci-pci
[    1.660891] fbcon: inteldrmfb (fb0) is primary device
[    1.733615] Console: switching to colour frame buffer device 240x67
[    1.754384] i915 0000:00:02.0: fb0: inteldrmfb frame buffer device
[    1.784065] usb 2-1: New USB device found, idVendor=04f3, idProduct=0103, bcdDevice= 1.07
[    1.784068] usb 2-1: New USB device strings: Mfr=0, Product=0, SerialNumber=0
[    1.786961] hidraw: raw HID events driver (C) Jiri Kosina
[    1.788035] usb 1-1: New USB device found, idVendor=8087, idProduct=8008, bcdDevice= 0.04
[    1.788037] usb 1-1: New USB device strings: Mfr=0, Product=0, SerialNumber=0
[    1.788168] hub 1-1:1.0: USB hub found
[    1.788282] hub 1-1:1.0: 6 ports detected
[    1.794108] usbcore: registered new interface driver usbhid
[    1.794110] usbhid: USB HID core driver
[    1.795706] input: HID 04f3:0103 as /devices/pci0000:00/0000:00:14.0/usb2/2-1/2-1:1.0/0003:04F3:0103.0001/input/input6
[    1.795804] hid-generic 0003:04F3:0103.0001: input,hidraw0: USB HID v1.11 Keyboard [HID 04f3:0103] on usb-0000:00:14.0-1/input0
[    1.795978] input: HID 04f3:0103 Consumer Control as /devices/pci0000:00/0000:00:14.0/usb2/2-1/2-1:1.1/0003:04F3:0103.0002/input/input7
[    1.796003] input: HID 04f3:0103 System Control as /devices/pci0000:00/0000:00:14.0/usb2/2-1/2-1:1.1/0003:04F3:0103.0002/input/input8
[    1.796045] hid-generic 0003:04F3:0103.0002: input,hidraw1: USB HID v1.11 Device [HID 04f3:0103] on usb-0000:00:14.0-1/input1
[    1.804389] usb 3-1: New USB device found, idVendor=8087, idProduct=8000, bcdDevice= 0.04
[    1.804391] usb 3-1: New USB device strings: Mfr=0, Product=0, SerialNumber=0
[    1.804703] hub 3-1:1.0: USB hub found
[    1.804782] hub 3-1:1.0: 8 ports detected
[    1.855721] tsc: Refined TSC clocksource calibration: 3591.681 MHz
[    1.855733] clocksource: tsc: mask: 0xffffffffffffffff max_cycles: 0x33c5a0b45fc, max_idle_ns: 440795301468 ns
[    1.855774] clocksource: Switched to clocksource tsc
[    1.919574] ata4: SATA link down (SStatus 0 SControl 300)
[    1.926720] sd 1:0:0:0: [sda] 976773168 512-byte logical blocks: (500 GB/466 GiB)
[    1.926728] sd 1:0:0:0: [sda] Write Protect is off
[    1.926731] sd 1:0:0:0: [sda] Mode Sense: 00 3a 00 00
[    1.926742] sd 1:0:0:0: [sda] Write cache: enabled, read cache: enabled, doesn't support DPO or FUA
[    1.986519]  sda: sda1 sda2 sda3 sda4 < sda5 sda6 sda7 >
[    1.987460] sd 1:0:0:0: [sda] Attached SCSI disk
[    2.225565] input: ImPS/2 Generic Wheel Mouse as /devices/platform/i8042/serio1/input/input4
[    3.415643] raid6: sse2x1   gen() 13737 MB/s
[    3.483642] raid6: sse2x1   xor()  9869 MB/s
[    3.551644] raid6: sse2x2   gen() 16367 MB/s
[    3.619643] raid6: sse2x2   xor() 10761 MB/s
[    3.687644] raid6: sse2x4   gen() 19766 MB/s
[    3.755644] raid6: sse2x4   xor() 11974 MB/s
[    3.823642] raid6: avx2x1   gen() 27148 MB/s
[    3.891644] raid6: avx2x1   xor() 18479 MB/s
[    3.959642] raid6: avx2x2   gen() 31217 MB/s
[    4.027642] raid6: avx2x2   xor() 19447 MB/s
[    4.095642] raid6: avx2x4   gen() 35926 MB/s
[    4.163644] raid6: avx2x4   xor() 19546 MB/s
[    4.163645] raid6: using algorithm avx2x4 gen() 35926 MB/s
[    4.163645] raid6: .... xor() 19546 MB/s, rmw enabled
[    4.163646] raid6: using avx2x2 recovery algorithm
[    4.163955] xor: automatically using best checksumming function   avx       
[    4.164087] async_tx: api initialized (async)
[    4.268176] Btrfs loaded, crc32c=crc32c-intel
[    4.924306] PM: Image not found (code -22)
[    5.236280] EXT4-fs (sda2): mounted filesystem with ordered data mode. Opts: (null)
[    5.656297] partition count: 1, comm[1]: init, path: /usr/lib/systemd/systemd, cmdline: (null)
[    5.691835] [hook_mmap_file] command: init, device(2), mount(2), elf enabled: 0
[    6.594603] systemd[1]: Inserted module 'autofs4'
[    6.733792] systemd[1]: systemd 241 running in system mode. (+PAM +AUDIT +SELINUX +IMA +APPARMOR +SMACK +SYSVINIT +UTMP +LIBCRYPTSETUP +GCRYPT +GNUTLS +ACL +XZ +LZ4 +SECCOMP +BLKID +ELFUTILS +KMOD -IDN2 +IDN -PCRE2 default-hierarchy=hybrid)
[    6.751857] systemd[1]: Detected architecture x86-64.
[    6.762753] systemd[1]: Set hostname to <archermind-PC>.
[    8.736273] systemd[1]: /lib/systemd/system/smbd.service:9: PIDFile= references path below legacy directory /var/run/, updating /var/run/samba/smbd.pid → /run/samba/smbd.pid; please update the unit file accordingly.
[    8.758661] systemd[1]: /lib/systemd/system/nmbd.service:9: PIDFile= references path below legacy directory /var/run/, updating /var/run/samba/nmbd.pid → /run/samba/nmbd.pid; please update the unit file accordingly.
[    8.904012] systemd[1]: /lib/systemd/system/EasyMonitor.service:10: Failed to parse value, ignoring: SEGABRT SIGTERM SIGBUS SIGSTOP
[    8.931514] systemd[1]: Configuration file /lib/systemd/system/deepin-elf-verify.service is marked executable. Please remove executable permission bits. Proceeding anyway.
[    8.979717] systemd[1]: Started Forward Password Requests to Wall Directory Watch.
[    8.979872] systemd[1]: Listening on initctl Compatibility Named Pipe.
[    8.980035] systemd[1]: Listening on LVM2 poll daemon socket.
[    9.214670] vfs_monitor: loading out-of-tree module taints kernel.
[    9.215080] mp: /, major: 8, minor: 2
[    9.215081] partition count: 1, comm[339]: systemd-modules, path: /usr/lib/systemd/systemd-modules-load, cmdline: /lib/systemd/systemd-modules-load
[    9.267589] register_kretprobes 10 ok
[    9.309914] EXT4-fs (sda2): re-mounted. Opts: (null)
[    9.536923] systemd-journald[347]: Received request to flush runtime journal from PID 1
[   13.783445] iTCO_vendor_support: vendor-support=0
[   13.794220] iTCO_wdt: Intel TCO WatchDog Timer Driver v1.11
[   13.794259] iTCO_wdt: Found a Lynx Point TCO device (Version=2, TCOBASE=0x1860)
[   13.794344] iTCO_wdt: initialized. heartbeat=30 sec (nowayout=0)
[   13.856671] input: PC Speaker as /devices/platform/pcspkr/input/input9
[   13.986334] HDAC: Support Zhaoxin HDAC ID patch V1.0.0
[   13.986335] HDAC: Zhaoxin GFX HDAC patch V2.0.1
[   13.986472] snd_hda_intel 0000:00:03.0: bound 0000:00:02.0 (ops i915_audio_component_bind_ops [i915])
[   13.986520] snd_hda_intel 0000:00:03.0: chipset global capabilities = 0x2001
[   13.986524] snd_hda_intel 0000:00:03.0: Clearing TCSEL
[   13.986527] snd_hda_intel 0000:00:03.0: SCH snoop: Enabled
[   13.986556] HDAC: Support Zhaoxin HDAC ID patch V1.0.0
[   13.986557] HDAC: Zhaoxin GFX HDAC patch V2.0.1
[   13.986666] snd_hda_intel 0000:00:1b.0: chipset global capabilities = 0x4401
[   13.986670] snd_hda_intel 0000:00:1b.0: Clearing TCSEL
[   13.986676] snd_hda_intel 0000:00:1b.0: SCH snoop: Enabled
[   13.988686] snd_hda_intel 0000:00:03.0: codec #0 probed OK
[   13.988688] snd_hda_intel 0000:00:03.0: snd_hda_codec_device_init: entry
[   13.988855] snd_hda_intel 0000:00:03.0: snd_hda_codec_device_new: entry
[   13.989924] sd 1:0:0:0: Attached scsi generic sg0 type 0
[   13.990920] snd_hda_intel 0000:00:1b.0: codec #2 probed OK
[   13.990922] snd_hda_intel 0000:00:1b.0: snd_hda_codec_device_init: entry
[   13.991254] snd_hda_intel 0000:00:1b.0: snd_hda_codec_device_new: entry
[   14.120053] RAPL PMU: API unit is 2^-32 Joules, 4 fixed counters, 655360 ms ovfl timer
[   14.120054] RAPL PMU: hw unit of domain pp0-core 2^-14 Joules
[   14.120054] RAPL PMU: hw unit of domain package 2^-14 Joules
[   14.120055] RAPL PMU: hw unit of domain dram 2^-14 Joules
[   14.120056] RAPL PMU: hw unit of domain pp1-gpu 2^-14 Joules
[   14.189016] snd_hda_codec_hdmi hdaudioC1D0: hdmi: haswell: override pin connection 0x5
[   14.189164] snd_hda_codec_hdmi hdaudioC1D0: hdmi: haswell: override pin connection 0x6
[   14.191070] input: HDA Intel HDMI HDMI/DP,pcm=3 as /devices/pci0000:00/0000:00:03.0/sound/card1/input10
[   14.191115] input: HDA Intel HDMI HDMI/DP,pcm=7 as /devices/pci0000:00/0000:00:03.0/sound/card1/input11
[   14.191158] input: HDA Intel HDMI HDMI/DP,pcm=8 as /devices/pci0000:00/0000:00:03.0/sound/card1/input12
[   14.191199] input: HDA Intel HDMI HDMI/DP,pcm=9 as /devices/pci0000:00/0000:00:03.0/sound/card1/input13
[   14.390471] snd_hda_codec_realtek hdaudioC2D2: SKU: Nid=0x1d sku_cfg=0x4044c601
[   14.390474] snd_hda_codec_realtek hdaudioC2D2: SKU: port_connectivity=0x1
[   14.390476] snd_hda_codec_realtek hdaudioC2D2: SKU: enable_pcbeep=0x0
[   14.390477] snd_hda_codec_realtek hdaudioC2D2: SKU: check_sum=0x00000004
[   14.390479] snd_hda_codec_realtek hdaudioC2D2: SKU: customization=0x000000c6
[   14.390481] snd_hda_codec_realtek hdaudioC2D2: SKU: external_amp=0x0
[   14.390482] snd_hda_codec_realtek hdaudioC2D2: SKU: platform_type=0x0
[   14.390483] snd_hda_codec_realtek hdaudioC2D2: SKU: swap=0x0
[   14.390484] snd_hda_codec_realtek hdaudioC2D2: SKU: override=0x1
[   14.390881] snd_hda_codec_realtek hdaudioC2D2: autoconfig for ALC662 rev3: line_outs=1 (0x14/0x0/0x0/0x0/0x0) type:line
[   14.390883] snd_hda_codec_realtek hdaudioC2D2:    speaker_outs=1 (0x15/0x0/0x0/0x0/0x0)
[   14.390884] snd_hda_codec_realtek hdaudioC2D2:    hp_outs=1 (0x1b/0x0/0x0/0x0/0x0)
[   14.390886] snd_hda_codec_realtek hdaudioC2D2:    mono: mono_out=0x0
[   14.390887] snd_hda_codec_realtek hdaudioC2D2:    inputs:
[   14.390888] snd_hda_codec_realtek hdaudioC2D2:      Front Mic=0x19
[   14.390890] snd_hda_codec_realtek hdaudioC2D2:      Rear Mic=0x18
[   14.390891] snd_hda_codec_realtek hdaudioC2D2:      Line=0x1a
[   14.390892] snd_hda_codec_realtek hdaudioC2D2: realtek: No valid SSID, checking pincfg 0x4044c601 for NID 0x1d
[   14.390893] snd_hda_codec_realtek hdaudioC2D2: realtek: Enabling init ASM_ID=0xc601 CODEC_ID=10ec0662
[   14.392405] snd_hda_codec_realtek hdaudioC2D2: ==> lo_type=0, wired=1, mio=1, badness=0x352
[   14.392407] snd_hda_codec_realtek hdaudioC2D2: multi_outs = 14/0/0/0 : 2/0/0/0 (type LO)
[   14.392409] snd_hda_codec_realtek hdaudioC2D2:   out path: depth=3 '02:0c:14'
[   14.392411] snd_hda_codec_realtek hdaudioC2D2: hp_outs = 1b/0/0/0 : 2/0/0/0
[   14.392412] snd_hda_codec_realtek hdaudioC2D2:   hp  path: depth=3 '02:0c:1b'
[   14.392414] snd_hda_codec_realtek hdaudioC2D2: spk_outs = 15/0/0/0 : 3/0/0/0
[   14.392415] snd_hda_codec_realtek hdaudioC2D2:   spk path: depth=3 '03:0d:15'
[   14.392425] snd_hda_codec_realtek hdaudioC2D2: ==> lo_type=0, wired=1, mio=0, badness=0x120
[   14.392426] snd_hda_codec_realtek hdaudioC2D2: multi_outs = 14/0/0/0 : 2/0/0/0 (type LO)
[   14.392428] snd_hda_codec_realtek hdaudioC2D2:   out path: depth=3 '02:0c:14'
[   14.392429] snd_hda_codec_realtek hdaudioC2D2: hp_outs = 1b/0/0/0 : 4/0/0/0
[   14.392431] snd_hda_codec_realtek hdaudioC2D2:   hp  path: depth=3 '04:0e:1b'
[   14.392432] snd_hda_codec_realtek hdaudioC2D2: spk_outs = 15/0/0/0 : 3/0/0/0
[   14.392433] snd_hda_codec_realtek hdaudioC2D2:   spk path: depth=3 '03:0d:15'
[   14.392484] snd_hda_codec_realtek hdaudioC2D2: ==> lo_type=0, wired=0, mio=1, badness=0x4112
[   14.392486] snd_hda_codec_realtek hdaudioC2D2: multi_outs = 14/0/0/0 : 2/3/4/0 (type LO)
[   14.392487] snd_hda_codec_realtek hdaudioC2D2:   out path: depth=3 '02:0c:14'
[   14.392489] snd_hda_codec_realtek hdaudioC2D2: multi_ios(2) = 1a/18 : 3/4
[   14.392490] snd_hda_codec_realtek hdaudioC2D2:   mio path: depth=3 '03:0d:1a'
[   14.392491] snd_hda_codec_realtek hdaudioC2D2:   mio path: depth=3 '04:0e:18'
[   14.392493] snd_hda_codec_realtek hdaudioC2D2: hp_outs = 1b/0/0/0 : 2/0/0/0
[   14.392494] snd_hda_codec_realtek hdaudioC2D2:   hp  path: depth=3 '02:0c:1b'
[   14.392496] snd_hda_codec_realtek hdaudioC2D2: spk_outs = 15/0/0/0 : 0/0/0/0
[   14.392503] snd_hda_codec_realtek hdaudioC2D2: ==> lo_type=0, wired=0, mio=0, badness=0x4120
[   14.392505] snd_hda_codec_realtek hdaudioC2D2: multi_outs = 14/0/0/0 : 2/0/0/0 (type LO)
[   14.392506] snd_hda_codec_realtek hdaudioC2D2:   out path: depth=3 '02:0c:14'
[   14.392507] snd_hda_codec_realtek hdaudioC2D2: hp_outs = 1b/0/0/0 : 3/0/0/0
[   14.392509] snd_hda_codec_realtek hdaudioC2D2:   hp  path: depth=3 '03:0d:1b'
[   14.392510] snd_hda_codec_realtek hdaudioC2D2: spk_outs = 15/0/0/0 : 0/0/0/0
[   14.392511] snd_hda_codec_realtek hdaudioC2D2: ==> restoring best_cfg
[   14.392520] snd_hda_codec_realtek hdaudioC2D2: ==> Best config: lo_type=0, wired=1, mio=0
[   14.392521] snd_hda_codec_realtek hdaudioC2D2: multi_outs = 14/0/0/0 : 2/0/0/0 (type LO)
[   14.392522] snd_hda_codec_realtek hdaudioC2D2:   out path: depth=3 '02:0c:14'
[   14.392524] snd_hda_codec_realtek hdaudioC2D2: hp_outs = 1b/0/0/0 : 4/0/0/0
[   14.392525] snd_hda_codec_realtek hdaudioC2D2:   hp  path: depth=3 '04:0e:1b'
[   14.392527] snd_hda_codec_realtek hdaudioC2D2: spk_outs = 15/0/0/0 : 3/0/0/0
[   14.392528] snd_hda_codec_realtek hdaudioC2D2:   spk path: depth=3 '03:0d:15'
[   14.392750] snd_hda_codec_realtek hdaudioC2D2: loopback path: depth=2 '19:0b'
[   14.393085] snd_hda_codec_realtek hdaudioC2D2: input path: depth=3 '19:23:08'
[   14.393419] snd_hda_codec_realtek hdaudioC2D2: input path: depth=3 '19:22:09'
[   14.393465] snd_hda_codec_realtek hdaudioC2D2: loopback path: depth=2 '18:0b'
[   14.393468] snd_hda_codec_realtek hdaudioC2D2: input path: depth=3 '18:23:08'
[   14.393469] snd_hda_codec_realtek hdaudioC2D2: input path: depth=3 '18:22:09'
[   14.393472] snd_hda_codec_realtek hdaudioC2D2: loopback path: depth=2 '1a:0b'
[   14.393474] snd_hda_codec_realtek hdaudioC2D2: input path: depth=3 '1a:23:08'
[   14.393476] snd_hda_codec_realtek hdaudioC2D2: input path: depth=3 '1a:22:09'
[   14.393478] snd_hda_codec_realtek hdaudioC2D2: Enable HP auto-muting on NID 0x1b
[   14.393483] snd_hda_codec_realtek hdaudioC2D2: Enable Line-Out auto-muting on NID 0x14
[   14.400681] input: HDA Intel PCH Front Mic as /devices/pci0000:00/0000:00:1b.0/sound/card2/input14
[   14.400729] input: HDA Intel PCH Rear Mic as /devices/pci0000:00/0000:00:1b.0/sound/card2/input15
[   14.400773] input: HDA Intel PCH Line as /devices/pci0000:00/0000:00:1b.0/sound/card2/input16
[   14.400816] input: HDA Intel PCH Line Out as /devices/pci0000:00/0000:00:1b.0/sound/card2/input17
[   14.400860] input: HDA Intel PCH Front Headphone as /devices/pci0000:00/0000:00:1b.0/sound/card2/input18
[   15.651459] kvm: disabled by bios
[   15.897957] kvm: disabled by bios
[   16.026926] kvm: disabled by bios
[   16.211867] kvm: disabled by bios
[   16.366186] kvm: disabled by bios
[   16.474057] kvm: disabled by bios
[   16.706066] kvm: disabled by bios
[   16.934853] kvm: disabled by bios
[   17.329765] intel_rapl: Found RAPL domain package
[   17.329766] intel_rapl: Found RAPL domain core
[   17.329766] intel_rapl: Found RAPL domain uncore
[   17.329767] intel_rapl: Found RAPL domain dram
[   17.329770] intel_rapl: RAPL package 0 domain package locked by BIOS
[   17.329772] intel_rapl: RAPL package 0 domain dram locked by BIOS
[   17.848467] Adding 6289404k swap on /dev/sda7.  Priority:-2 extents:1 across:6289404k FS
[   19.720303] EXT4-fs (sda1): mounted filesystem with ordered data mode. Opts: (null)
[   19.720317] partition /boot [8, 1] added, comm[3405]: mount
[   20.193953] EXT4-fs (sda5): mounted filesystem with ordered data mode. Opts: (null)
[   20.193973] partition /data [8, 5] added, comm[3946]: mount
[   20.313209] partition /opt [8, 5] added, comm[3949]: mount
[   20.360672] partition /home [8, 5] added, comm[3950]: mount
[   29.045320] IPv6: ADDRCONF(NETDEV_UP): eno1: link is not ready
[   29.251826] IPv6: ADDRCONF(NETDEV_UP): eno1: link is not ready
[   32.857658] e1000e: eno1 NIC Link is Up 1000 Mbps Full Duplex, Flow Control: None
[   32.857691] IPv6: ADDRCONF(NETDEV_CHANGE): eno1: link becomes ready
[   53.381748] fuse init (API version 7.27)
[  149.544429] snd_hda_codec_hdmi hdaudioC1D0: HDMI: hinfo 00000000f8fc886a not registered
[  149.544568] snd_hda_codec_hdmi hdaudioC1D0: HDMI: hinfo 00000000f8fc886a not registered
[  149.544570] snd_hda_codec_hdmi hdaudioC1D0: hda_codec_setup_stream: NID=0x2, stream=0x1, channel=0, format=0x4011
[  149.666326] snd_hda_codec_hdmi hdaudioC1D0: hda_codec_cleanup_stream: NID=0x2
[  149.666375] snd_hda_codec_hdmi hdaudioC1D0: HDMI: hinfo 00000000f8fc886a not registered
[  149.666541] snd_hda_codec_hdmi hdaudioC1D0: HDMI: hinfo 00000000f8fc886a not registered
[  149.666679] snd_hda_codec_hdmi hdaudioC1D0: HDMI: hinfo 00000000f8fc886a not registered
[  149.666681] snd_hda_codec_hdmi hdaudioC1D0: hda_codec_setup_stream: NID=0x2, stream=0x1, channel=0, format=0x4015
[  149.676896] snd_hda_codec_hdmi hdaudioC1D0: hda_codec_cleanup_stream: NID=0x2
[  149.676932] snd_hda_codec_hdmi hdaudioC1D0: HDMI: hinfo 00000000f8fc886a not registered
[  149.677125] snd_hda_codec_hdmi hdaudioC1D0: HDMI: hinfo 00000000f8fc886a not registered
[  149.677308] snd_hda_codec_hdmi hdaudioC1D0: HDMI: hinfo 00000000f8fc886a not registered
[  149.677309] snd_hda_codec_hdmi hdaudioC1D0: hda_codec_setup_stream: NID=0x2, stream=0x1, channel=0, format=0x4017
[  149.692893] snd_hda_codec_hdmi hdaudioC1D0: hda_codec_cleanup_stream: NID=0x2
[  149.692927] snd_hda_codec_hdmi hdaudioC1D0: HDMI: hinfo 00000000f8fc886a not registered
[  149.693124] snd_hda_codec_hdmi hdaudioC1D0: HDMI: hinfo 000000005b76bda6 not registered
[  149.693271] snd_hda_codec_hdmi hdaudioC1D0: HDMI: hinfo 000000005b76bda6 not registered
[  149.693273] snd_hda_codec_hdmi hdaudioC1D0: hda_codec_setup_stream: NID=0x2, stream=0x1, channel=0, format=0x4011
[  149.726768] snd_hda_codec_hdmi hdaudioC1D0: hda_codec_cleanup_stream: NID=0x2
[  149.726808] snd_hda_codec_hdmi hdaudioC1D0: HDMI: hinfo 000000005b76bda6 not registered
[  149.726964] snd_hda_codec_hdmi hdaudioC1D0: HDMI: hinfo 000000005b76bda6 not registered
[  149.727094] snd_hda_codec_hdmi hdaudioC1D0: HDMI: hinfo 000000005b76bda6 not registered
[  149.727096] snd_hda_codec_hdmi hdaudioC1D0: hda_codec_setup_stream: NID=0x2, stream=0x1, channel=0, format=0x4015
[  149.736822] snd_hda_codec_hdmi hdaudioC1D0: hda_codec_cleanup_stream: NID=0x2
[  149.736852] snd_hda_codec_hdmi hdaudioC1D0: HDMI: hinfo 000000005b76bda6 not registered
[  149.737016] snd_hda_codec_hdmi hdaudioC1D0: HDMI: hinfo 000000005b76bda6 not registered
[  149.737139] snd_hda_codec_hdmi hdaudioC1D0: HDMI: hinfo 000000005b76bda6 not registered
[  149.737141] snd_hda_codec_hdmi hdaudioC1D0: hda_codec_setup_stream: NID=0x2, stream=0x1, channel=0, format=0x4017
[  149.748888] snd_hda_codec_hdmi hdaudioC1D0: hda_codec_cleanup_stream: NID=0x2
[  149.748926] snd_hda_codec_hdmi hdaudioC1D0: HDMI: hinfo 000000005b76bda6 not registered
[  149.749150] snd_hda_codec_hdmi hdaudioC1D0: HDMI: hinfo 00000000c9779b85 not registered
[  149.749300] snd_hda_codec_hdmi hdaudioC1D0: HDMI: hinfo 00000000c9779b85 not registered
[  149.749302] snd_hda_codec_hdmi hdaudioC1D0: hda_codec_setup_stream: NID=0x2, stream=0x1, channel=0, format=0x4011
[  149.783083] snd_hda_codec_hdmi hdaudioC1D0: hda_codec_cleanup_stream: NID=0x2
[  149.783113] snd_hda_codec_hdmi hdaudioC1D0: HDMI: hinfo 00000000c9779b85 not registered
[  149.783268] snd_hda_codec_hdmi hdaudioC1D0: HDMI: hinfo 00000000c9779b85 not registered
[  149.783397] snd_hda_codec_hdmi hdaudioC1D0: HDMI: hinfo 00000000c9779b85 not registered
[  149.783398] snd_hda_codec_hdmi hdaudioC1D0: hda_codec_setup_stream: NID=0x2, stream=0x1, channel=0, format=0x4015
[  149.792756] snd_hda_codec_hdmi hdaudioC1D0: hda_codec_cleanup_stream: NID=0x2
[  149.792775] snd_hda_codec_hdmi hdaudioC1D0: HDMI: hinfo 00000000c9779b85 not registered
[  149.792898] snd_hda_codec_hdmi hdaudioC1D0: HDMI: hinfo 00000000c9779b85 not registered
[  149.793011] snd_hda_codec_hdmi hdaudioC1D0: HDMI: hinfo 00000000c9779b85 not registered
[  149.793012] snd_hda_codec_hdmi hdaudioC1D0: hda_codec_setup_stream: NID=0x2, stream=0x1, channel=0, format=0x4017
[  149.804844] snd_hda_codec_hdmi hdaudioC1D0: hda_codec_cleanup_stream: NID=0x2
[  149.804883] snd_hda_codec_hdmi hdaudioC1D0: HDMI: hinfo 00000000c9779b85 not registered
[  149.805051] snd_hda_codec_hdmi hdaudioC1D0: HDMI: hinfo 0000000041199b9a not registered
[  149.805176] snd_hda_codec_hdmi hdaudioC1D0: HDMI: hinfo 0000000041199b9a not registered
[  149.805178] snd_hda_codec_hdmi hdaudioC1D0: hda_codec_setup_stream: NID=0x2, stream=0x1, channel=0, format=0x4011
[  149.821794] snd_hda_codec_hdmi hdaudioC1D0: hda_codec_cleanup_stream: NID=0x2
[  149.821830] snd_hda_codec_hdmi hdaudioC1D0: HDMI: hinfo 0000000041199b9a not registered
[  149.821987] snd_hda_codec_hdmi hdaudioC1D0: HDMI: hinfo 0000000041199b9a not registered
[  149.822119] snd_hda_codec_hdmi hdaudioC1D0: HDMI: hinfo 0000000041199b9a not registered
[  149.822120] snd_hda_codec_hdmi hdaudioC1D0: hda_codec_setup_stream: NID=0x2, stream=0x1, channel=0, format=0x4015
[  149.832816] snd_hda_codec_hdmi hdaudioC1D0: hda_codec_cleanup_stream: NID=0x2
[  149.832847] snd_hda_codec_hdmi hdaudioC1D0: HDMI: hinfo 0000000041199b9a not registered
[  149.833136] snd_hda_codec_hdmi hdaudioC1D0: HDMI: hinfo 0000000041199b9a not registered
[  149.833364] snd_hda_codec_hdmi hdaudioC1D0: HDMI: hinfo 0000000041199b9a not registered
[  149.833367] snd_hda_codec_hdmi hdaudioC1D0: hda_codec_setup_stream: NID=0x2, stream=0x1, channel=0, format=0x4017
[  149.844804] snd_hda_codec_hdmi hdaudioC1D0: hda_codec_cleanup_stream: NID=0x2
[  149.844833] snd_hda_codec_hdmi hdaudioC1D0: HDMI: hinfo 0000000041199b9a not registered
[  150.528890] snd_hda_codec_realtek hdaudioC2D2: hda_codec_setup_stream: NID=0x8, stream=0x1, channel=0, format=0x4011
[  150.965964] snd_hda_codec_realtek hdaudioC2D2: hda_codec_cleanup_stream: NID=0x8
[  150.966815] snd_hda_codec_realtek hdaudioC2D2: hda_codec_setup_stream: NID=0x2, stream=0x5, channel=0, format=0x4011
[  150.976654] snd_hda_codec_realtek hdaudioC2D2: hda_codec_setup_stream: NID=0x4, stream=0x5, channel=0, format=0x4011
[  151.988573] snd_hda_intel 0000:00:1b.0: azx_get_response timeout, polling the codec once: last cmd=0x204a0000
[  152.000624] snd_hda_codec_realtek hdaudioC2D2: hda_codec_setup_stream: NID=0x3, stream=0x5, channel=0, format=0x4011
[  152.150725] snd_hda_codec_realtek hdaudioC2D2: hda_codec_setup_stream: NID=0x8, stream=0x1, channel=0, format=0x4011
[  152.150732] snd_hda_codec_realtek hdaudioC2D2: hda_codec_cleanup_stream: NID=0x8
[  152.150747] snd_hda_codec_realtek hdaudioC2D2: hda_codec_cleanup_stream: NID=0x2
[  152.150747] snd_hda_codec_realtek hdaudioC2D2: hda_codec_cleanup_stream: NID=0x4
[  152.150748] snd_hda_codec_realtek hdaudioC2D2: hda_codec_cleanup_stream: NID=0x3
[  152.166568] snd_hda_codec_realtek hdaudioC2D2: hda_codec_setup_stream: NID=0x2, stream=0x5, channel=0, format=0x4011
[  152.166570] snd_hda_codec_realtek hdaudioC2D2: hda_codec_setup_stream: NID=0x4, stream=0x5, channel=0, format=0x4011
[  152.166580] snd_hda_codec_realtek hdaudioC2D2: hda_codec_setup_stream: NID=0x3, stream=0x5, channel=0, format=0x4011
[  152.198733] snd_hda_codec_realtek hdaudioC2D2: hda_codec_setup_stream: NID=0x8, stream=0x1, channel=0, format=0x4011
[  157.731366] snd_hda_codec_realtek hdaudioC2D2: hda_codec_cleanup_stream: NID=0x8
[  157.732021] snd_hda_codec_realtek hdaudioC2D2: hda_codec_cleanup_stream: NID=0x2
[  157.732022] snd_hda_codec_realtek hdaudioC2D2: hda_codec_cleanup_stream: NID=0x4
[  157.732023] snd_hda_codec_realtek hdaudioC2D2: hda_codec_cleanup_stream: NID=0x3
[  173.044348] device-mapper: uevent: version 1.0.3
[  173.044402] device-mapper: ioctl: 4.39.0-ioctl (2018-04-03) initialised: dm-devel@redhat.com
[  174.215323] EXT4-fs (sda6): mounted filesystem with ordered data mode. Opts: (null)
[  174.215357] partition /media/archermind/Backup [8, 6] added, comm[5921]: pool
[  176.381220] EXT4-fs (sda3): mounted filesystem with ordered data mode. Opts: (null)
[  176.381268] partition /media/archermind/Rootb [8, 3] added, comm[5921]: pool
[  243.254246] Thread (pooled)[6687]: segfault at 49 ip 00007f0212e50b5b sp 00007f01a8ff64d0 error 4 in libdde-file-manager.so.1.8.2[7f0212c00000+3d5000]
[  243.254254] Code: 54 55 48 89 f5 53 48 89 fb 48 83 ec 10 64 48 8b 04 25 28 00 00 00 48 89 44 24 08 31 c0 48 8b 46 28 48 85 c0 0f 84 95 00 00 00 <8b> 40 04 85 c0 0f 84 8a 00 00 00 48 8b 56 30 0f b7 75 08 48 89 df
[  243.254259] Thread (pooled)[6651]: segfault at 49 ip 00007f0212e50b5b sp 00007f01c18264d0 error 4
[  243.254261] Code: 54 55 48 89 f5 53 48 89 fb 48 83 ec 10 64 48 8b 04 25 28 00 00 00 48 89 44 24 08 31 c0 48 8b 46 28 48 85 c0 0f 84 95 00 00 00 <8b> 40 04 85 c0 0f 84 8a 00 00 00 48 8b 56 30 0f b7 75 08 48 89 df
[  243.254297] Thread (pooled)[6677]: segfault at 49 ip 00007f0212e50b5b sp 00007f01aaffa4d0 error 4 in libdde-file-manager.so.1.8.2[7f0212c00000+3d5000]
[  243.254301] Code: 54 55 48 89 f5 53 48 89 fb 48 83 ec 10 64 48 8b 04 25 28 00 00 00 48 89 44 24 08 31 c0 48 8b 46 28 48 85 c0 0f 84 95 00 00 00 <8b> 40 04 85 c0 0f 84 8a 00 00 00 48 8b 56 30 0f b7 75 08 48 89 df
[ 3513.762270] alg: No test for fips(ansi_cprng) (fips_ansi_cprng)
[ 3513.820048] Bluetooth: Core ver 2.22
[ 3513.820059] NET: Registered protocol family 31
[ 3513.820059] Bluetooth: HCI device and connection manager initialized
[ 3513.820061] Bluetooth: HCI socket layer initialized
[ 3513.820062] Bluetooth: L2CAP socket layer initialized
[ 3513.820069] Bluetooth: SCO socket layer initialized
[ 4199.436572] PM: suspend entry (deep)
[ 4199.436578] PM: Syncing filesystems ... done.
[ 4199.903324] Freezing user space processes ... (elapsed 0.002 seconds) done.
[ 4199.905633] OOM killer disabled.
[ 4199.905634] Freezing remaining freezable tasks ... (elapsed 0.001 seconds) done.
[ 4199.906791] Suspending console(s) (use no_console_suspend to debug)
[ 4199.915478] serial 00:06: disabled
[ 4199.915583] e1000e: EEE TX LPI TIMER: 00000011
[ 4199.953419] sd 1:0:0:0: [sda] Synchronizing SCSI cache
[ 4200.254554] sd 1:0:0:0: [sda] Stopping disk
[ 4200.729565] ACPI: Preparing to enter system sleep state S3
[ 4200.730378] PM: Saving platform NVS memory
[ 4200.730576] Disabling non-boot CPUs ...
[ 4200.746411] smpboot: CPU 1 is now offline
[ 4200.770367] smpboot: CPU 2 is now offline
[ 4200.802407] smpboot: CPU 3 is now offline
[ 4200.826467] smpboot: CPU 4 is now offline
[ 4200.850214] smpboot: CPU 5 is now offline
[ 4200.878284] smpboot: CPU 6 is now offline
[ 4200.902089] smpboot: CPU 7 is now offline
[ 4200.905976] ACPI: Low-level resume complete
[ 4200.906017] PM: Restoring platform NVS memory
[ 4200.908304] Enabling non-boot CPUs ...
[ 4200.908337] x86: Booting SMP configuration:
[ 4200.908338] smpboot: Booting Node 0 Processor 1 APIC 0x2
[ 4200.909964]  cache: parent cpu1 should not be sleeping
[ 4200.910122] CPU1 is up
[ 4200.910141] smpboot: Booting Node 0 Processor 2 APIC 0x4
[ 4200.911745]  cache: parent cpu2 should not be sleeping
[ 4200.911914] CPU2 is up
[ 4200.911933] smpboot: Booting Node 0 Processor 3 APIC 0x6
[ 4200.913537]  cache: parent cpu3 should not be sleeping
[ 4200.913713] CPU3 is up
[ 4200.913732] smpboot: Booting Node 0 Processor 4 APIC 0x1
[ 4200.914175]  cache: parent cpu4 should not be sleeping
[ 4200.914428] CPU4 is up
[ 4200.914446] smpboot: Booting Node 0 Processor 5 APIC 0x3
[ 4200.914822]  cache: parent cpu5 should not be sleeping
[ 4200.914972] CPU5 is up
[ 4200.914986] smpboot: Booting Node 0 Processor 6 APIC 0x5
[ 4200.915362]  cache: parent cpu6 should not be sleeping
[ 4200.915523] CPU6 is up
[ 4200.915537] smpboot: Booting Node 0 Processor 7 APIC 0x7
[ 4200.915915]  cache: parent cpu7 should not be sleeping
[ 4200.916442] CPU7 is up
[ 4200.941353] ACPI: Waking up from system sleep state S3
[ 4200.963054] snd_hda_intel 0000:00:03.0: Clearing TCSEL
[ 4200.963062] snd_hda_intel 0000:00:03.0: SCH snoop: Enabled
[ 4200.963082] snd_hda_intel 0000:00:1b.0: Clearing TCSEL
[ 4200.963087] snd_hda_intel 0000:00:1b.0: SCH snoop: Enabled
[ 4200.964434] serial 00:06: activated
[ 4200.973140] sd 1:0:0:0: [sda] Starting disk
[ 4201.133990] OOM killer enabled.
[ 4201.133992] Restarting tasks ... 
[ 4201.134166] pci_bus 0000:03: Allocating resources
[ 4201.134189] pci 0000:02:00.0: bridge window [io  0x1000-0x0fff] to [bus 03] add_size 1000
[ 4201.134194] pci 0000:02:00.0: bridge window [mem 0x00100000-0x000fffff 64bit pref] to [bus 03] add_size 200000 add_align 100000
[ 4201.134197] pci 0000:02:00.0: bridge window [mem 0x00100000-0x000fffff] to [bus 03] add_size 200000 add_align 100000
[ 4201.134203] pci 0000:02:00.0: BAR 14: no space for [mem size 0x00200000]
[ 4201.134205] pci 0000:02:00.0: BAR 14: failed to assign [mem size 0x00200000]
[ 4201.134208] pci 0000:02:00.0: BAR 15: no space for [mem size 0x00200000 64bit pref]
[ 4201.134211] pci 0000:02:00.0: BAR 15: failed to assign [mem size 0x00200000 64bit pref]
[ 4201.134213] pci 0000:02:00.0: BAR 13: no space for [io  size 0x1000]
[ 4201.134215] pci 0000:02:00.0: BAR 13: failed to assign [io  size 0x1000]
[ 4201.134218] pci 0000:02:00.0: BAR 14: no space for [mem size 0x00200000]
[ 4201.134221] pci 0000:02:00.0: BAR 14: failed to assign [mem size 0x00200000]
[ 4201.134223] pci 0000:02:00.0: BAR 15: no space for [mem size 0x00200000 64bit pref]
[ 4201.134225] pci 0000:02:00.0: BAR 15: failed to assign [mem size 0x00200000 64bit pref]
[ 4201.134228] pci 0000:02:00.0: BAR 13: no space for [io  size 0x1000]
[ 4201.134230] pci 0000:02:00.0: BAR 13: failed to assign [io  size 0x1000]
[ 4201.134232] pci 0000:02:00.0: PCI bridge to [bus 03]
[ 4201.141820] done.
[ 4201.142117] video LNXVIDEO:00: Restoring backlight state
[ 4201.142125] PM: suspend exit
[ 4201.297077] ata4: SATA link down (SStatus 0 SControl 300)
[ 4204.092665] e1000e: eno1 NIC Link is Up 1000 Mbps Full Duplex, Flow Control: None
[ 4206.302572] ata2: link is slow to respond, please be patient (ready=0)
[ 4206.602613] ata2: SATA link up 6.0 Gbps (SStatus 133 SControl 300)
[ 4207.135246] ata2.00: configured for UDMA/100
[ 4207.774871] e1000e: eno1 NIC Link is Down
[ 4207.850390] IPv6: ADDRCONF(NETDEV_UP): eno1: link is not ready
[ 4208.066841] IPv6: ADDRCONF(NETDEV_UP): eno1: link is not ready
[ 4211.492667] e1000e: eno1 NIC Link is Up 1000 Mbps Full Duplex, Flow Control: None
[ 4211.492714] IPv6: ADDRCONF(NETDEV_CHANGE): eno1: link becomes ready
[ 5914.456724] PM: suspend entry (deep)
[ 5914.456726] PM: Syncing filesystems ... done.
[ 5914.869292] Freezing user space processes ... (elapsed 0.002 seconds) done.
[ 5914.871322] OOM killer disabled.
[ 5914.871322] Freezing remaining freezable tasks ... (elapsed 0.001 seconds) done.
[ 5914.872491] Suspending console(s) (use no_console_suspend to debug)
[ 5914.881182] serial 00:06: disabled
[ 5914.881253] e1000e: EEE TX LPI TIMER: 00000011
[ 5914.919181] sd 1:0:0:0: [sda] Synchronizing SCSI cache
[ 5915.035547] sd 1:0:0:0: [sda] Stopping disk
[ 5915.509760] ACPI: Preparing to enter system sleep state S3
[ 5915.510629] PM: Saving platform NVS memory
[ 5915.510834] Disabling non-boot CPUs ...
[ 5915.526547] smpboot: CPU 1 is now offline
[ 5915.550647] smpboot: CPU 2 is now offline
[ 5915.582534] smpboot: CPU 3 is now offline
[ 5915.615595] smpboot: CPU 4 is now offline
[ 5915.638425] smpboot: CPU 5 is now offline
[ 5915.662380] smpboot: CPU 6 is now offline
[ 5915.686353] smpboot: CPU 7 is now offline
[ 5915.690856] ACPI: Low-level resume complete
[ 5915.690898] PM: Restoring platform NVS memory
[ 5915.693187] Enabling non-boot CPUs ...
[ 5915.693221] x86: Booting SMP configuration:
[ 5915.693222] smpboot: Booting Node 0 Processor 1 APIC 0x2
[ 5915.694847]  cache: parent cpu1 should not be sleeping
[ 5915.695002] CPU1 is up
[ 5915.695022] smpboot: Booting Node 0 Processor 2 APIC 0x4
[ 5915.696627]  cache: parent cpu2 should not be sleeping
[ 5915.696796] CPU2 is up
[ 5915.696815] smpboot: Booting Node 0 Processor 3 APIC 0x6
[ 5915.698426]  cache: parent cpu3 should not be sleeping
[ 5915.698604] CPU3 is up
[ 5915.698623] smpboot: Booting Node 0 Processor 4 APIC 0x1
[ 5915.699082]  cache: parent cpu4 should not be sleeping
[ 5915.699341] CPU4 is up
[ 5915.699358] smpboot: Booting Node 0 Processor 5 APIC 0x3
[ 5915.699734]  cache: parent cpu5 should not be sleeping
[ 5915.699889] CPU5 is up
[ 5915.699904] smpboot: Booting Node 0 Processor 6 APIC 0x5
[ 5915.700277]  cache: parent cpu6 should not be sleeping
[ 5915.700437] CPU6 is up
[ 5915.700452] smpboot: Booting Node 0 Processor 7 APIC 0x7
[ 5915.700829]  cache: parent cpu7 should not be sleeping
[ 5915.701350] CPU7 is up
[ 5915.726150] ACPI: Waking up from system sleep state S3
[ 5915.747654] snd_hda_intel 0000:00:03.0: Clearing TCSEL
[ 5915.747670] snd_hda_intel 0000:00:03.0: SCH snoop: Enabled
[ 5915.747710] snd_hda_intel 0000:00:1b.0: Clearing TCSEL
[ 5915.747717] snd_hda_intel 0000:00:1b.0: SCH snoop: Enabled
[ 5915.749036] serial 00:06: activated
[ 5915.757861] sd 1:0:0:0: [sda] Starting disk
[ 5915.914382] OOM killer enabled.
[ 5915.914383] Restarting tasks ... 
[ 5915.914636] pci_bus 0000:03: Allocating resources
[ 5915.914662] pci 0000:02:00.0: bridge window [io  0x1000-0x0fff] to [bus 03] add_size 1000
[ 5915.914667] pci 0000:02:00.0: bridge window [mem 0x00100000-0x000fffff 64bit pref] to [bus 03] add_size 200000 add_align 100000
[ 5915.914670] pci 0000:02:00.0: bridge window [mem 0x00100000-0x000fffff] to [bus 03] add_size 200000 add_align 100000
[ 5915.914677] pci 0000:02:00.0: BAR 14: no space for [mem size 0x00200000]
[ 5915.914680] pci 0000:02:00.0: BAR 14: failed to assign [mem size 0x00200000]
[ 5915.914683] pci 0000:02:00.0: BAR 15: no space for [mem size 0x00200000 64bit pref]
[ 5915.914688] pci 0000:02:00.0: BAR 15: failed to assign [mem size 0x00200000 64bit pref]
[ 5915.914691] pci 0000:02:00.0: BAR 13: no space for [io  size 0x1000]
[ 5915.914693] pci 0000:02:00.0: BAR 13: failed to assign [io  size 0x1000]
[ 5915.914696] pci 0000:02:00.0: BAR 14: no space for [mem size 0x00200000]
[ 5915.914698] pci 0000:02:00.0: BAR 14: failed to assign [mem size 0x00200000]
[ 5915.914701] pci 0000:02:00.0: BAR 15: no space for [mem size 0x00200000 64bit pref]
[ 5915.914704] pci 0000:02:00.0: BAR 15: failed to assign [mem size 0x00200000 64bit pref]
[ 5915.914706] pci 0000:02:00.0: BAR 13: no space for [io  size 0x1000]
[ 5915.914709] pci 0000:02:00.0: BAR 13: failed to assign [io  size 0x1000]
[ 5915.914712] pci 0000:02:00.0: PCI bridge to [bus 03]
[ 5915.918001] done.
[ 5915.918369] video LNXVIDEO:00: Restoring backlight state
[ 5915.918379] PM: suspend exit
[ 5916.081939] ata4: SATA link down (SStatus 0 SControl 300)
[ 5918.881137] e1000e: eno1 NIC Link is Up 1000 Mbps Full Duplex, Flow Control: None
[ 5921.102990] ata2: link is slow to respond, please be patient (ready=0)
[ 5921.462969] ata2: SATA link up 6.0 Gbps (SStatus 133 SControl 300)
[ 5921.976132] ata2.00: configured for UDMA/100
[ 5922.455205] e1000e: eno1 NIC Link is Down
[ 5922.529947] IPv6: ADDRCONF(NETDEV_UP): eno1: link is not ready
[ 5922.743044] IPv6: ADDRCONF(NETDEV_UP): eno1: link is not ready
[ 5926.200850] e1000e: eno1 NIC Link is Up 1000 Mbps Full Duplex, Flow Control: None
[ 5926.200897] IPv6: ADDRCONF(NETDEV_CHANGE): eno1: link becomes ready
[ 6091.035079] PM: suspend entry (deep)
[ 6091.035081] PM: Syncing filesystems ... done.
[ 6091.584635] Freezing user space processes ... (elapsed 0.002 seconds) done.
[ 6091.586641] OOM killer disabled.
[ 6091.586641] Freezing remaining freezable tasks ... (elapsed 0.001 seconds) done.
[ 6091.587808] Suspending console(s) (use no_console_suspend to debug)
[ 6091.596671] serial 00:06: disabled
[ 6091.596812] e1000e: EEE TX LPI TIMER: 00000011
[ 6091.609130] sd 1:0:0:0: [sda] Synchronizing SCSI cache
[ 6091.711507] sd 1:0:0:0: [sda] Stopping disk
[ 6092.185692] ACPI: Preparing to enter system sleep state S3
[ 6092.186448] PM: Saving platform NVS memory
[ 6092.186620] Disabling non-boot CPUs ...
[ 6092.202565] smpboot: CPU 1 is now offline
[ 6092.230655] smpboot: CPU 2 is now offline
[ 6092.262680] smpboot: CPU 3 is now offline
[ 6092.287859] smpboot: CPU 4 is now offline
[ 6092.318502] smpboot: CPU 5 is now offline
[ 6092.338510] smpboot: CPU 6 is now offline
[ 6092.362443] smpboot: CPU 7 is now offline
[ 6092.366545] ACPI: Low-level resume complete
[ 6092.366586] PM: Restoring platform NVS memory
[ 6092.368898] Enabling non-boot CPUs ...
[ 6092.368932] x86: Booting SMP configuration:
[ 6092.368932] smpboot: Booting Node 0 Processor 1 APIC 0x2
[ 6092.370569]  cache: parent cpu1 should not be sleeping
[ 6092.370725] CPU1 is up
[ 6092.370744] smpboot: Booting Node 0 Processor 2 APIC 0x4
[ 6092.372361]  cache: parent cpu2 should not be sleeping
[ 6092.372527] CPU2 is up
[ 6092.372546] smpboot: Booting Node 0 Processor 3 APIC 0x6
[ 6092.374171]  cache: parent cpu3 should not be sleeping
[ 6092.374347] CPU3 is up
[ 6092.374366] smpboot: Booting Node 0 Processor 4 APIC 0x1
[ 6092.374819]  cache: parent cpu4 should not be sleeping
[ 6092.375073] CPU4 is up
[ 6092.375091] smpboot: Booting Node 0 Processor 5 APIC 0x3
[ 6092.375479]  cache: parent cpu5 should not be sleeping
[ 6092.375632] CPU5 is up
[ 6092.375647] smpboot: Booting Node 0 Processor 6 APIC 0x5
[ 6092.376033]  cache: parent cpu6 should not be sleeping
[ 6092.376195] CPU6 is up
[ 6092.376209] smpboot: Booting Node 0 Processor 7 APIC 0x7
[ 6092.376599]  cache: parent cpu7 should not be sleeping
[ 6092.377135] CPU7 is up
[ 6092.401903] ACPI: Waking up from system sleep state S3
[ 6092.423724] snd_hda_intel 0000:00:03.0: Clearing TCSEL
[ 6092.423729] snd_hda_intel 0000:00:03.0: SCH snoop: Enabled
[ 6092.423730] snd_hda_intel 0000:00:1b.0: Clearing TCSEL
[ 6092.423745] snd_hda_intel 0000:00:1b.0: SCH snoop: Enabled
[ 6092.425031] serial 00:06: activated
[ 6092.433957] sd 1:0:0:0: [sda] Starting disk
[ 6092.590588] OOM killer enabled.
[ 6092.590589] Restarting tasks ... 
[ 6092.590757] pci_bus 0000:03: Allocating resources
[ 6092.590780] pci 0000:02:00.0: bridge window [io  0x1000-0x0fff] to [bus 03] add_size 1000
[ 6092.590784] pci 0000:02:00.0: bridge window [mem 0x00100000-0x000fffff 64bit pref] to [bus 03] add_size 200000 add_align 100000
[ 6092.590786] pci 0000:02:00.0: bridge window [mem 0x00100000-0x000fffff] to [bus 03] add_size 200000 add_align 100000
[ 6092.590790] pci 0000:02:00.0: BAR 14: no space for [mem size 0x00200000]
[ 6092.590791] pci 0000:02:00.0: BAR 14: failed to assign [mem size 0x00200000]
[ 6092.590794] pci 0000:02:00.0: BAR 15: no space for [mem size 0x00200000 64bit pref]
[ 6092.590795] pci 0000:02:00.0: BAR 15: failed to assign [mem size 0x00200000 64bit pref]
[ 6092.590796] pci 0000:02:00.0: BAR 13: no space for [io  size 0x1000]
[ 6092.590797] pci 0000:02:00.0: BAR 13: failed to assign [io  size 0x1000]
[ 6092.590800] pci 0000:02:00.0: BAR 14: no space for [mem size 0x00200000]
[ 6092.590801] pci 0000:02:00.0: BAR 14: failed to assign [mem size 0x00200000]
[ 6092.590802] pci 0000:02:00.0: BAR 15: no space for [mem size 0x00200000 64bit pref]
[ 6092.590804] pci 0000:02:00.0: BAR 15: failed to assign [mem size 0x00200000 64bit pref]
[ 6092.590807] pci 0000:02:00.0: BAR 13: no space for [io  size 0x1000]
[ 6092.590809] pci 0000:02:00.0: BAR 13: failed to assign [io  size 0x1000]
[ 6092.590811] pci 0000:02:00.0: PCI bridge to [bus 03]
[ 6092.598187] done.
[ 6092.598375] video LNXVIDEO:00: Restoring backlight state
[ 6092.598381] PM: suspend exit
[ 6092.761978] ata4: SATA link down (SStatus 0 SControl 300)
[ 6095.549018] e1000e: eno1 NIC Link is Up 1000 Mbps Full Duplex, Flow Control: None
[ 6097.770913] ata2: link is slow to respond, please be patient (ready=0)
[ 6098.138911] ata2: SATA link up 6.0 Gbps (SStatus 133 SControl 300)
[ 6098.638330] ata2.00: configured for UDMA/100
[ 6099.006392] e1000e: eno1 NIC Link is Down
[ 6099.061257] IPv6: ADDRCONF(NETDEV_UP): eno1: link is not ready
[ 6099.275061] IPv6: ADDRCONF(NETDEV_UP): eno1: link is not ready
[ 6102.760708] e1000e: eno1 NIC Link is Up 1000 Mbps Full Duplex, Flow Control: None
[ 6102.760774] IPv6: ADDRCONF(NETDEV_CHANGE): eno1: link becomes ready
[ 8113.415056] PM: suspend entry (deep)
[ 8113.415059] PM: Syncing filesystems ... done.
[ 8113.927245] Freezing user space processes ... (elapsed 0.004 seconds) done.
[ 8113.931744] OOM killer disabled.
[ 8113.931745] Freezing remaining freezable tasks ... (elapsed 0.001 seconds) done.
[ 8113.933312] Suspending console(s) (use no_console_suspend to debug)
[ 8113.942448] serial 00:06: disabled
[ 8113.942594] e1000e: EEE TX LPI TIMER: 00000011
[ 8113.947728] sd 1:0:0:0: [sda] Synchronizing SCSI cache
[ 8114.091113] sd 1:0:0:0: [sda] Stopping disk
[ 8114.564653] ACPI: Preparing to enter system sleep state S3
[ 8114.565580] PM: Saving platform NVS memory
[ 8114.565792] Disabling non-boot CPUs ...
[ 8114.581390] smpboot: CPU 1 is now offline
[ 8114.605373] smpboot: CPU 2 is now offline
[ 8114.629253] smpboot: CPU 3 is now offline
[ 8114.645919] smpboot: CPU 4 is now offline
[ 8114.669129] smpboot: CPU 5 is now offline
[ 8114.689031] smpboot: CPU 6 is now offline
[ 8114.709053] smpboot: CPU 7 is now offline
[ 8114.713041] ACPI: Low-level resume complete
[ 8114.713082] PM: Restoring platform NVS memory
[ 8114.715364] Enabling non-boot CPUs ...
[ 8114.715397] x86: Booting SMP configuration:
[ 8114.715398] smpboot: Booting Node 0 Processor 1 APIC 0x2
[ 8114.717027]  cache: parent cpu1 should not be sleeping
[ 8114.717183] CPU1 is up
[ 8114.717203] smpboot: Booting Node 0 Processor 2 APIC 0x4
[ 8114.718806]  cache: parent cpu2 should not be sleeping
[ 8114.718976] CPU2 is up
[ 8114.718995] smpboot: Booting Node 0 Processor 3 APIC 0x6
[ 8114.720601]  cache: parent cpu3 should not be sleeping
[ 8114.720779] CPU3 is up
[ 8114.720799] smpboot: Booting Node 0 Processor 4 APIC 0x1
[ 8114.721248]  cache: parent cpu4 should not be sleeping
[ 8114.721500] CPU4 is up
[ 8114.721518] smpboot: Booting Node 0 Processor 5 APIC 0x3
[ 8114.721896]  cache: parent cpu5 should not be sleeping
[ 8114.722048] CPU5 is up
[ 8114.722064] smpboot: Booting Node 0 Processor 6 APIC 0x5
[ 8114.722437]  cache: parent cpu6 should not be sleeping
[ 8114.722606] CPU6 is up
[ 8114.722620] smpboot: Booting Node 0 Processor 7 APIC 0x7
[ 8114.722997]  cache: parent cpu7 should not be sleeping
[ 8114.723552] CPU7 is up
[ 8114.748407] ACPI: Waking up from system sleep state S3
[ 8114.770307] snd_hda_intel 0000:00:03.0: Clearing TCSEL
[ 8114.770320] snd_hda_intel 0000:00:03.0: SCH snoop: Enabled
[ 8114.770435] snd_hda_intel 0000:00:1b.0: Clearing TCSEL
[ 8114.770441] snd_hda_intel 0000:00:1b.0: SCH snoop: Enabled
[ 8114.771698] serial 00:06: activated
[ 8114.780462] sd 1:0:0:0: [sda] Starting disk
[ 8114.936995] OOM killer enabled.
[ 8114.936996] Restarting tasks ... 
[ 8114.937172] pci_bus 0000:03: Allocating resources
[ 8114.937197] pci 0000:02:00.0: bridge window [io  0x1000-0x0fff] to [bus 03] add_size 1000
[ 8114.937202] pci 0000:02:00.0: bridge window [mem 0x00100000-0x000fffff 64bit pref] to [bus 03] add_size 200000 add_align 100000
[ 8114.937205] pci 0000:02:00.0: bridge window [mem 0x00100000-0x000fffff] to [bus 03] add_size 200000 add_align 100000
[ 8114.937210] pci 0000:02:00.0: BAR 14: no space for [mem size 0x00200000]
[ 8114.937213] pci 0000:02:00.0: BAR 14: failed to assign [mem size 0x00200000]
[ 8114.937216] pci 0000:02:00.0: BAR 15: no space for [mem size 0x00200000 64bit pref]
[ 8114.937218] pci 0000:02:00.0: BAR 15: failed to assign [mem size 0x00200000 64bit pref]
[ 8114.937220] pci 0000:02:00.0: BAR 13: no space for [io  size 0x1000]
[ 8114.937222] pci 0000:02:00.0: BAR 13: failed to assign [io  size 0x1000]
[ 8114.937225] pci 0000:02:00.0: BAR 14: no space for [mem size 0x00200000]
[ 8114.937227] pci 0000:02:00.0: BAR 14: failed to assign [mem size 0x00200000]
[ 8114.937230] pci 0000:02:00.0: BAR 15: no space for [mem size 0x00200000 64bit pref]
[ 8114.937232] pci 0000:02:00.0: BAR 15: failed to assign [mem size 0x00200000 64bit pref]
[ 8114.937235] pci 0000:02:00.0: BAR 13: no space for [io  size 0x1000]
[ 8114.937236] pci 0000:02:00.0: BAR 13: failed to assign [io  size 0x1000]
[ 8114.937240] pci 0000:02:00.0: PCI bridge to [bus 03]
[ 8114.945141] done.
[ 8114.945356] video LNXVIDEO:00: Restoring backlight state
[ 8114.945363] PM: suspend exit
[ 8115.104252] ata4: SATA link down (SStatus 0 SControl 300)
[ 8117.887740] e1000e: eno1 NIC Link is Up 1000 Mbps Full Duplex, Flow Control: None
[ 8120.165776] ata2: link is slow to respond, please be patient (ready=0)
[ 8120.285732] ata2: SATA link up 6.0 Gbps (SStatus 133 SControl 300)
[ 8120.837177] ata2.00: configured for UDMA/100
[ 8121.721979] e1000e: eno1 NIC Link is Down
[ 8121.799161] IPv6: ADDRCONF(NETDEV_UP): eno1: link is not ready
[ 8122.017866] IPv6: ADDRCONF(NETDEV_UP): eno1: link is not ready
[ 8125.395926] e1000e: eno1 NIC Link is Up 1000 Mbps Full Duplex, Flow Control: None
[ 8125.395984] IPv6: ADDRCONF(NETDEV_CHANGE): eno1: link becomes ready
[ 8683.586507] deepin_anything: page allocation failure: order:8, mode:0x6040c0(GFP_KERNEL|__GFP_COMP), nodemask=(null)
[ 8683.586511] deepin_anything cpuset=/ mems_allowed=0
[ 8683.586517] CPU: 7 PID: 28679 Comm: deepin_anything Tainted: G           OE     4.19.0-6-amd64 #1 Uos 4.19.67-11eagle
[ 8683.586518] Hardware name: LENOVO ThinkCentre M8500t-N000/SHARKBAY, BIOS FBKTB2AUS 06/03/2015
[ 8683.586519] Call Trace:
[ 8683.586534]  dump_stack+0x5c/0x80
[ 8683.586541]  warn_alloc.cold.119+0x6c/0xec
[ 8683.586544]  __alloc_pages_slowpath+0xc73/0xcb0
[ 8683.586551]  ? __switch_to_asm+0x41/0x70
[ 8683.586553]  ? __switch_to_asm+0x35/0x70
[ 8683.586556]  ? __switch_to_asm+0x35/0x70
[ 8683.586557]  ? __switch_to_asm+0x41/0x70
[ 8683.586558]  ? __switch_to_asm+0x41/0x70
[ 8683.586560]  ? __switch_to_asm+0x35/0x70
[ 8683.586561]  __alloc_pages_nodemask+0x28b/0x2b0
[ 8683.586565]  kmalloc_order+0x14/0x30
[ 8683.586567]  kmalloc_order_trace+0x1d/0xa0
[ 8683.586574]  ioctl_vfs_changes+0x10e/0x580 [vfs_monitor]
[ 8683.586578]  ? finish_wait+0x80/0x80
[ 8683.586583]  proc_reg_unlocked_ioctl+0x37/0x60
[ 8683.586590]  do_vfs_ioctl+0xa4/0x630
[ 8683.586592]  ksys_ioctl+0x60/0x90
[ 8683.586594]  __x64_sys_ioctl+0x16/0x20
[ 8683.586597]  do_syscall_64+0x53/0x110
[ 8683.586601]  entry_SYSCALL_64_after_hwframe+0x44/0xa9
[ 8683.586616] RIP: 0033:0x7fd15f5ad427
[ 8683.586618] Code: 00 00 90 48 8b 05 69 aa 0c 00 64 c7 00 26 00 00 00 48 c7 c0 ff ff ff ff c3 66 2e 0f 1f 84 00 00 00 00 00 b8 10 00 00 00 0f 05 <48> 3d 01 f0 ff ff 73 01 c3 48 8b 0d 39 aa 0c 00 f7 d8 64 89 01 48
[ 8683.586619] RSP: 002b:00007fd15ad0dba8 EFLAGS: 00000246 ORIG_RAX: 0000000000000010
[ 8683.586621] RAX: ffffffffffffffda RBX: 00007fd15ad0dbf8 RCX: 00007fd15f5ad427
[ 8683.586622] RDX: 00007fd15ad0dc40 RSI: 0000000080088100 RDI: 0000000000000009
[ 8683.586622] RBP: 00007fd15ad0dc50 R08: 0000000000000000 R09: 0000000000000001
[ 8683.586623] R10: 00007fd1500008d0 R11: 0000000000000246 R12: 00007fd15ad0de6d
[ 8683.586624] R13: 0000000000000000 R14: 00007fd15ad0dc00 R15: 0000000000000008
[ 8683.586626] Mem-Info:
[ 8683.586631] active_anon:737302 inactive_anon:214893 isolated_anon:4
                active_file:246018 inactive_file:216162 isolated_file:32
                unevictable:74562 dirty:325 writeback:0 unstable:0
                slab_reclaimable:422957 slab_unreclaimable:30728
                mapped:281689 shmem:89438 pagetables:8930 bounce:0
                free:39795 free_pcp:369 free_cma:0
[ 8683.586634] Node 0 active_anon:2949208kB inactive_anon:859572kB active_file:984072kB inactive_file:864648kB unevictable:298248kB isolated(anon):16kB isolated(file):128kB mapped:1126756kB dirty:1300kB writeback:0kB shmem:357752kB shmem_thp: 0kB shmem_pmdmapped: 0kB anon_thp: 933888kB writeback_tmp:0kB unstable:0kB all_unreclaimable? no
[ 8683.586635] Node 0 DMA free:15900kB min:132kB low:164kB high:196kB active_anon:0kB inactive_anon:0kB active_file:0kB inactive_file:0kB unevictable:0kB writepending:0kB present:15984kB managed:15900kB mlocked:0kB kernel_stack:0kB pagetables:0kB bounce:0kB free_pcp:0kB local_pcp:0kB free_cma:0kB
[ 8683.586638] lowmem_reserve[]: 0 3328 7788 7788 7788
[ 8683.586641] Node 0 DMA32 free:90676kB min:28824kB low:36028kB high:43232kB active_anon:1664688kB inactive_anon:182812kB active_file:227528kB inactive_file:354288kB unevictable:26120kB writepending:452kB present:3559668kB managed:3473844kB mlocked:26120kB kernel_stack:2704kB pagetables:9648kB bounce:0kB free_pcp:152kB local_pcp:0kB free_cma:0kB
[ 8683.586645] lowmem_reserve[]: 0 0 4460 4460 4460
[ 8683.586647] Node 0 Normal free:52604kB min:38624kB low:48280kB high:57936kB active_anon:1281580kB inactive_anon:676164kB active_file:756444kB inactive_file:514028kB unevictable:272128kB writepending:764kB present:4700160kB managed:4567100kB mlocked:272128kB kernel_stack:13840kB pagetables:26072kB bounce:0kB free_pcp:1320kB local_pcp:164kB free_cma:0kB
[ 8683.586649] lowmem_reserve[]: 0 0 0 0 0
[ 8683.586651] Node 0 DMA: 1*4kB (U) 1*8kB (U) 1*16kB (U) 0*32kB 2*64kB (U) 1*128kB (U) 1*256kB (U) 0*512kB 1*1024kB (U) 1*2048kB (M) 3*4096kB (M) = 15900kB
[ 8683.586659] Node 0 DMA32: 1235*4kB (UME) 1062*8kB (UME) 906*16kB (UME) 610*32kB (UME) 491*64kB (UME) 80*128kB (ME) 9*256kB (E) 3*512kB (E) 0*1024kB 0*2048kB 0*4096kB = 92956kB
[ 8683.586667] Node 0 Normal: 1908*4kB (UMEH) 1024*8kB (UMEH) 637*16kB (UEH) 388*32kB (UEH) 156*64kB (UMEH) 19*128kB (MEH) 1*256kB (H) 1*512kB (E) 0*1024kB 0*2048kB 0*4096kB = 51616kB
[ 8683.586675] Node 0 hugepages_total=0 hugepages_free=0 hugepages_surp=0 hugepages_size=1048576kB
[ 8683.586677] Node 0 hugepages_total=0 hugepages_free=0 hugepages_surp=0 hugepages_size=2048kB
[ 8683.586677] 588980 total pagecache pages
[ 8683.586680] 493 pages in swap cache
[ 8683.586681] Swap cache stats: add 1706, delete 1213, find 597/719
[ 8683.586681] Free swap  = 6282180kB
[ 8683.586682] Total swap = 6289404kB
[ 8683.586683] 2068953 pages RAM
[ 8683.586683] 0 pages HighMem/MovableOnly
[ 8683.586683] 54742 pages reserved
[ 8683.586684] 0 pages hwpoisoned
[ 8697.906342] deepin_anything: page allocation failure: order:8, mode:0x6040c0(GFP_KERNEL|__GFP_COMP), nodemask=(null)
[ 8697.906345] deepin_anything cpuset=/ mems_allowed=0
[ 8697.906351] CPU: 4 PID: 30309 Comm: deepin_anything Tainted: G           OE     4.19.0-6-amd64 #1 Uos 4.19.67-11eagle
[ 8697.906351] Hardware name: LENOVO ThinkCentre M8500t-N000/SHARKBAY, BIOS FBKTB2AUS 06/03/2015
[ 8697.906352] Call Trace:
[ 8697.906363]  dump_stack+0x5c/0x80
[ 8697.906367]  warn_alloc.cold.119+0x6c/0xec
[ 8697.906368]  __alloc_pages_slowpath+0xc73/0xcb0
[ 8697.906372]  ? __switch_to_asm+0x41/0x70
[ 8697.906373]  ? __switch_to_asm+0x35/0x70
[ 8697.906374]  ? __switch_to_asm+0x35/0x70
[ 8697.906376]  ? __switch_to_asm+0x41/0x70
[ 8697.906377]  ? __switch_to_asm+0x41/0x70
[ 8697.906378]  ? __switch_to_asm+0x35/0x70
[ 8697.906379]  __alloc_pages_nodemask+0x28b/0x2b0
[ 8697.906382]  kmalloc_order+0x14/0x30
[ 8697.906383]  kmalloc_order_trace+0x1d/0xa0
[ 8697.906388]  ioctl_vfs_changes+0x10e/0x580 [vfs_monitor]
[ 8697.906392]  ? finish_wait+0x80/0x80
[ 8697.906396]  proc_reg_unlocked_ioctl+0x37/0x60
[ 8697.906400]  do_vfs_ioctl+0xa4/0x630
[ 8697.906403]  ksys_ioctl+0x60/0x90
[ 8697.906405]  __x64_sys_ioctl+0x16/0x20
[ 8697.906408]  do_syscall_64+0x53/0x110
[ 8697.906410]  entry_SYSCALL_64_after_hwframe+0x44/0xa9
[ 8697.906421] RIP: 0033:0x7fefc034e427
[ 8697.906422] Code: 00 00 90 48 8b 05 69 aa 0c 00 64 c7 00 26 00 00 00 48 c7 c0 ff ff ff ff c3 66 2e 0f 1f 84 00 00 00 00 00 b8 10 00 00 00 0f 05 <48> 3d 01 f0 ff ff 73 01 c3 48 8b 0d 39 aa 0c 00 f7 d8 64 89 01 48
[ 8697.906423] RSP: 002b:00007fefaf6fdba8 EFLAGS: 00000246 ORIG_RAX: 0000000000000010
[ 8697.906425] RAX: ffffffffffffffda RBX: 00007fefaf6fdbf8 RCX: 00007fefc034e427
[ 8697.906426] RDX: 00007fefaf6fdc40 RSI: 0000000080088100 RDI: 0000000000000009
[ 8697.906426] RBP: 00007fefaf6fdc50 R08: 0000000000000000 R09: 0000000000000001
[ 8697.906427] R10: 00007fefa80008d0 R11: 0000000000000246 R12: 00007fefaf6fdc71
[ 8697.906428] R13: 0000000000000000 R14: 00007fefaf7fe700 R15: 0000000000000001
[ 8697.906429] Mem-Info:
[ 8697.906432] active_anon:845439 inactive_anon:221775 isolated_anon:0
                active_file:208538 inactive_file:173543 isolated_file:0
                unevictable:74621 dirty:14596 writeback:0 unstable:0
                slab_reclaimable:319108 slab_unreclaimable:30774
                mapped:269732 shmem:89446 pagetables:9163 bounce:0
                free:108387 free_pcp:484 free_cma:0
[ 8697.906435] Node 0 active_anon:3381756kB inactive_anon:887100kB active_file:834152kB inactive_file:694172kB unevictable:298484kB isolated(anon):0kB isolated(file):0kB mapped:1078928kB dirty:58384kB writeback:0kB shmem:357784kB shmem_thp: 0kB shmem_pmdmapped: 0kB anon_thp: 966656kB writeback_tmp:0kB unstable:0kB all_unreclaimable? no
[ 8697.906436] Node 0 DMA free:15900kB min:132kB low:164kB high:196kB active_anon:0kB inactive_anon:0kB active_file:0kB inactive_file:0kB unevictable:0kB writepending:0kB present:15984kB managed:15900kB mlocked:0kB kernel_stack:0kB pagetables:0kB bounce:0kB free_pcp:0kB local_pcp:0kB free_cma:0kB
[ 8697.906439] lowmem_reserve[]: 0 3328 7788 7788 7788
[ 8697.906441] Node 0 DMA32 free:366520kB min:28824kB low:36028kB high:43232kB active_anon:1846108kB inactive_anon:176080kB active_file:118648kB inactive_file:231192kB unevictable:26120kB writepending:248kB present:3559668kB managed:3473844kB mlocked:26120kB kernel_stack:2336kB pagetables:8896kB bounce:0kB free_pcp:496kB local_pcp:0kB free_cma:0kB
[ 8697.906444] lowmem_reserve[]: 0 0 4460 4460 4460
[ 8697.906446] Node 0 Normal free:51128kB min:38624kB low:48280kB high:57936kB active_anon:1532992kB inactive_anon:710560kB active_file:715540kB inactive_file:463316kB unevictable:272364kB writepending:58184kB present:4700160kB managed:4567100kB mlocked:272364kB kernel_stack:14132kB pagetables:27756kB bounce:0kB free_pcp:1432kB local_pcp:0kB free_cma:0kB
[ 8697.906449] lowmem_reserve[]: 0 0 0 0 0
[ 8697.906451] Node 0 DMA: 1*4kB (U) 1*8kB (U) 1*16kB (U) 0*32kB 2*64kB (U) 1*128kB (U) 1*256kB (U) 0*512kB 1*1024kB (U) 1*2048kB (M) 3*4096kB (M) = 15900kB
[ 8697.906459] Node 0 DMA32: 9700*4kB (UME) 5919*8kB (UME) 3315*16kB (UME) 2182*32kB (UME) 1489*64kB (UME) 412*128kB (UME) 33*256kB (ME) 2*512kB (ME) 0*1024kB 0*2048kB 0*4096kB = 366520kB
[ 8697.906468] Node 0 Normal: 1107*4kB (UEH) 863*8kB (UMEH) 677*16kB (UEH) 486*32kB (UEH) 162*64kB (UMEH) 24*128kB (MEH) 1*256kB (H) 0*512kB 0*1024kB 0*2048kB 0*4096kB = 51412kB
[ 8697.906476] Node 0 hugepages_total=0 hugepages_free=0 hugepages_surp=0 hugepages_size=1048576kB
[ 8697.906477] Node 0 hugepages_total=0 hugepages_free=0 hugepages_surp=0 hugepages_size=2048kB
[ 8697.906478] 508870 total pagecache pages
[ 8697.906481] 485 pages in swap cache
[ 8697.906482] Swap cache stats: add 2587, delete 2102, find 668/837
[ 8697.906482] Free swap  = 6281156kB
[ 8697.906483] Total swap = 6289404kB
[ 8697.906483] 2068953 pages RAM
[ 8697.906484] 0 pages HighMem/MovableOnly
[ 8697.906484] 54742 pages reserved
[ 8697.906485] 0 pages hwpoisoned
[ 8848.112495] ppdev: user-space parallel port driver
[ 8848.203336] lp: driver loaded but no devices found
[ 8848.280144] st: Version 20160209, fixed bufsize 32768, s/g segs 256
[ 9464.925127] PM: suspend entry (deep)
[ 9464.925129] PM: Syncing filesystems ... done.
[ 9465.262722] Freezing user space processes ... (elapsed 0.001 seconds) done.
[ 9465.264315] OOM killer disabled.
[ 9465.264316] Freezing remaining freezable tasks ... (elapsed 0.001 seconds) done.
[ 9465.265475] Suspending console(s) (use no_console_suspend to debug)
[ 9465.274283] serial 00:06: disabled
[ 9465.274428] e1000e: EEE TX LPI TIMER: 00000011
[ 9465.292474] sd 1:0:0:0: [sda] Synchronizing SCSI cache
[ 9465.384781] sd 1:0:0:0: [sda] Stopping disk
[ 9465.857338] ACPI: Preparing to enter system sleep state S3
[ 9465.858147] PM: Saving platform NVS memory
[ 9465.858329] Disabling non-boot CPUs ...
[ 9465.874169] smpboot: CPU 1 is now offline
[ 9465.893886] smpboot: CPU 2 is now offline
[ 9465.910088] smpboot: CPU 3 is now offline
[ 9465.934279] smpboot: CPU 4 is now offline
[ 9465.965976] smpboot: CPU 5 is now offline
[ 9465.989942] smpboot: CPU 6 is now offline
[ 9466.014039] smpboot: CPU 7 is now offline
[ 9466.019025] ACPI: Low-level resume complete
[ 9466.019065] PM: Restoring platform NVS memory
[ 9466.021327] Enabling non-boot CPUs ...
